Archive member included to satisfy reference by file (symbol)

C:/ST/STM32CubeIDE_1.19.0/STM32CubeIDE/plugins/com.st.stm32cube.ide.mcu.externaltools.gnu-tools-for-stm32.13.3.rel1.win32_1.0.0.202411081344/tools/bin/../lib/gcc/arm-none-eabi/13.3.1/../../../../arm-none-eabi/lib/thumb/v7e-m+fp/hard\libc_nano.a(libc_a-exit.o)
                              C:/ST/STM32CubeIDE_1.19.0/STM32CubeIDE/plugins/com.st.stm32cube.ide.mcu.externaltools.gnu-tools-for-stm32.13.3.rel1.win32_1.0.0.202411081344/tools/bin/../lib/gcc/arm-none-eabi/13.3.1/../../../../arm-none-eabi/lib/thumb/v7e-m+fp/hard/crt0.o (exit)
C:/ST/STM32CubeIDE_1.19.0/STM32CubeIDE/plugins/com.st.stm32cube.ide.mcu.externaltools.gnu-tools-for-stm32.13.3.rel1.win32_1.0.0.202411081344/tools/bin/../lib/gcc/arm-none-eabi/13.3.1/../../../../arm-none-eabi/lib/thumb/v7e-m+fp/hard\libc_nano.a(libc_a-findfp.o)
                              ./Middlewares/Third_Party/FreeRTOS/Source/tasks.o (__sf)
C:/ST/STM32CubeIDE_1.19.0/STM32CubeIDE/plugins/com.st.stm32cube.ide.mcu.externaltools.gnu-tools-for-stm32.13.3.rel1.win32_1.0.0.202411081344/tools/bin/../lib/gcc/arm-none-eabi/13.3.1/../../../../arm-none-eabi/lib/thumb/v7e-m+fp/hard\libc_nano.a(libc_a-fwalk.o)
                              C:/ST/STM32CubeIDE_1.19.0/STM32CubeIDE/plugins/com.st.stm32cube.ide.mcu.externaltools.gnu-tools-for-stm32.13.3.rel1.win32_1.0.0.202411081344/tools/bin/../lib/gcc/arm-none-eabi/13.3.1/../../../../arm-none-eabi/lib/thumb/v7e-m+fp/hard\libc_nano.a(libc_a-findfp.o) (_fwalk_sglue)
C:/ST/STM32CubeIDE_1.19.0/STM32CubeIDE/plugins/com.st.stm32cube.ide.mcu.externaltools.gnu-tools-for-stm32.13.3.rel1.win32_1.0.0.202411081344/tools/bin/../lib/gcc/arm-none-eabi/13.3.1/../../../../arm-none-eabi/lib/thumb/v7e-m+fp/hard\libc_nano.a(libc_a-printf.o)
                              ./Core/Src/can1_can2_bridge_test.o (printf)
C:/ST/STM32CubeIDE_1.19.0/STM32CubeIDE/plugins/com.st.stm32cube.ide.mcu.externaltools.gnu-tools-for-stm32.13.3.rel1.win32_1.0.0.202411081344/tools/bin/../lib/gcc/arm-none-eabi/13.3.1/../../../../arm-none-eabi/lib/thumb/v7e-m+fp/hard\libc_nano.a(libc_a-putchar.o)
                              ./Core/Src/mcp2515_test_demo.o (putchar)
C:/ST/STM32CubeIDE_1.19.0/STM32CubeIDE/plugins/com.st.stm32cube.ide.mcu.externaltools.gnu-tools-for-stm32.13.3.rel1.win32_1.0.0.202411081344/tools/bin/../lib/gcc/arm-none-eabi/13.3.1/../../../../arm-none-eabi/lib/thumb/v7e-m+fp/hard\libc_nano.a(libc_a-puts.o)
                              ./Core/Src/can1_can2_bridge_test.o (puts)
C:/ST/STM32CubeIDE_1.19.0/STM32CubeIDE/plugins/com.st.stm32cube.ide.mcu.externaltools.gnu-tools-for-stm32.13.3.rel1.win32_1.0.0.202411081344/tools/bin/../lib/gcc/arm-none-eabi/13.3.1/../../../../arm-none-eabi/lib/thumb/v7e-m+fp/hard\libc_nano.a(libc_a-snprintf.o)
                              ./Core/Src/can_dual_node.o (snprintf)
C:/ST/STM32CubeIDE_1.19.0/STM32CubeIDE/plugins/com.st.stm32cube.ide.mcu.externaltools.gnu-tools-for-stm32.13.3.rel1.win32_1.0.0.202411081344/tools/bin/../lib/gcc/arm-none-eabi/13.3.1/../../../../arm-none-eabi/lib/thumb/v7e-m+fp/hard\libc_nano.a(libc_a-stdio.o)
                              C:/ST/STM32CubeIDE_1.19.0/STM32CubeIDE/plugins/com.st.stm32cube.ide.mcu.externaltools.gnu-tools-for-stm32.13.3.rel1.win32_1.0.0.202411081344/tools/bin/../lib/gcc/arm-none-eabi/13.3.1/../../../../arm-none-eabi/lib/thumb/v7e-m+fp/hard\libc_nano.a(libc_a-findfp.o) (__sread)
C:/ST/STM32CubeIDE_1.19.0/STM32CubeIDE/plugins/com.st.stm32cube.ide.mcu.externaltools.gnu-tools-for-stm32.13.3.rel1.win32_1.0.0.202411081344/tools/bin/../lib/gcc/arm-none-eabi/13.3.1/../../../../arm-none-eabi/lib/thumb/v7e-m+fp/hard\libc_nano.a(libc_a-wbuf.o)
                              C:/ST/STM32CubeIDE_1.19.0/STM32CubeIDE/plugins/com.st.stm32cube.ide.mcu.externaltools.gnu-tools-for-stm32.13.3.rel1.win32_1.0.0.202411081344/tools/bin/../lib/gcc/arm-none-eabi/13.3.1/../../../../arm-none-eabi/lib/thumb/v7e-m+fp/hard\libc_nano.a(libc_a-puts.o) (__swbuf_r)
C:/ST/STM32CubeIDE_1.19.0/STM32CubeIDE/plugins/com.st.stm32cube.ide.mcu.externaltools.gnu-tools-for-stm32.13.3.rel1.win32_1.0.0.202411081344/tools/bin/../lib/gcc/arm-none-eabi/13.3.1/../../../../arm-none-eabi/lib/thumb/v7e-m+fp/hard\libc_nano.a(libc_a-wsetup.o)
                              C:/ST/STM32CubeIDE_1.19.0/STM32CubeIDE/plugins/com.st.stm32cube.ide.mcu.externaltools.gnu-tools-for-stm32.13.3.rel1.win32_1.0.0.202411081344/tools/bin/../lib/gcc/arm-none-eabi/13.3.1/../../../../arm-none-eabi/lib/thumb/v7e-m+fp/hard\libc_nano.a(libc_a-puts.o) (__swsetup_r)
C:/ST/STM32CubeIDE_1.19.0/STM32CubeIDE/plugins/com.st.stm32cube.ide.mcu.externaltools.gnu-tools-for-stm32.13.3.rel1.win32_1.0.0.202411081344/tools/bin/../lib/gcc/arm-none-eabi/13.3.1/../../../../arm-none-eabi/lib/thumb/v7e-m+fp/hard\libc_nano.a(libc_a-memcmp.o)
                              ./Core/Src/can_app.o (memcmp)
[...]
Memory Configuration

Name             Origin             Length             Attributes
CCMRAM           0x10000000         0x00010000         xrw
RAM              0x20000000         0x00020000         xrw
FLASH            0x08000000         0x00100000         xr
*default*        0x00000000         0xffffffff

Linker script and memory map

LOAD C:/ST/STM32CubeIDE_1.19.0/STM32CubeIDE/plugins/com.st.stm32cube.ide.mcu.externaltools.gnu-tools-for-stm32.13.3.rel1.win32_1.0.0.202411081344/tools/bin/../lib/gcc/arm-none-eabi/13.3.1/thumb/v7e-m+fp/hard/crti.o
LOAD C:/ST/STM32CubeIDE_1.19.0/STM32CubeIDE/plugins/com.st.stm32cube.ide.mcu.externaltools.gnu-tools-for-stm32.13.3.rel1.win32_1.0.0.202411081344/tools/bin/../lib/gcc/arm-none-eabi/13.3.1/thumb/v7e-m+fp/hard/crtbegin.o
LOAD C:/ST/STM32CubeIDE_1.19.0/STM32CubeIDE/plugins/com.st.stm32cube.ide.mcu.externaltools.gnu-tools-for-stm32.13.3.rel1.win32_1.0.0.202411081344/tools/bin/../lib/gcc/arm-none-eabi/13.3.1/../../../../arm-none-eabi/lib/thumb/v7e-m+fp/hard/crt0.o
LOAD ./Core/Src/can.o
LOAD ./Core/Src/can1_can2_bridge_test.o
LOAD ./Core/Src/can2_demo.o
LOAD ./Core/Src/can2_loopback_test.o
LOAD ./Core/Src/can2_test.o
LOAD ./Core/Src/can_app.o
LOAD ./Core/Src/can_bus_diagnosis.o
LOAD ./Core/Src/can_diagnosis_test.o
LOAD ./Core/Src/can_dual_node.o
LOAD ./Core/Src/can_loop_test.o
LOAD ./Core/Src/can_periodic_send.o
LOAD ./Core/Src/can_simple_demo.o
LOAD ./Core/Src/freertos.o
LOAD ./Core/Src/main.o
LOAD ./Core/Src/mcp2515.o
LOAD ./Core/Src/mcp2515_test_demo.o
LOAD ./Core/Src/stm32f4xx_hal_msp.o
LOAD ./Core/Src/stm32f4xx_hal_timebase_tim.o
LOAD ./Core/Src/stm32f4xx_it.o
LOAD ./Core/Src/syscalls.o
LOAD ./Core/Src/sysmem.o
LOAD ./Core/Src/system_stm32f4xx.o
LOAD ./Core/Src/usart.o
LOAD ./Core/Startup/startup_stm32f407zgtx.o
LOAD ./Drivers/STM32F4xx_HAL_Driver/Src/stm32f4xx_hal.o
LOAD ./Drivers/STM32F4xx_HAL_Driver/Src/stm32f4xx_hal_can.o
LOAD ./Drivers/STM32F4xx_HAL_Driver/Src/stm32f4xx_hal_cortex.o
LOAD ./Drivers/STM32F4xx_HAL_Driver/Src/stm32f4xx_hal_dma.o
LOAD ./Drivers/STM32F4xx_HAL_Driver/Src/stm32f4xx_hal_dma_ex.o
LOAD ./Drivers/STM32F4xx_HAL_Driver/Src/stm32f4xx_hal_exti.o
LOAD ./Drivers/STM32F4xx_HAL_Driver/Src/stm32f4xx_hal_flash.o
LOAD ./Drivers/STM32F4xx_HAL_Driver/Src/stm32f4xx_hal_flash_ex.o
LOAD ./Drivers/STM32F4xx_HAL_Driver/Src/stm32f4xx_hal_flash_ramfunc.o
LOAD ./Drivers/STM32F4xx_HAL_Driver/Src/stm32f4xx_hal_gpio.o
LOAD ./Drivers/STM32F4xx_HAL_Driver/Src/stm32f4xx_hal_pwr.o
LOAD ./Drivers/STM32F4xx_HAL_Driver/Src/stm32f4xx_hal_pwr_ex.o
LOAD ./Drivers/STM32F4xx_HAL_Driver/Src/stm32f4xx_hal_rcc.o
LOAD ./Drivers/STM32F4xx_HAL_Driver/Src/stm32f4xx_hal_rcc_ex.o
LOAD ./Drivers/STM32F4xx_HAL_Driver/Src/stm32f4xx_hal_spi.o
LOAD ./Drivers/STM32F4xx_HAL_Driver/Src/stm32f4xx_hal_tim.o
LOAD ./Drivers/STM32F4xx_HAL_Driver/Src/stm32f4xx_hal_tim_ex.o
LOAD ./Drivers/STM32F4xx_HAL_Driver/Src/stm32f4xx_hal_uart.o
LOAD ./Middlewares/Third_Party/FreeRTOS/Source/CMSIS_RTOS_V2/cmsis_os2.o
LOAD ./Middlewares/Third_Party/FreeRTOS/Source/croutine.o
LOAD ./Middlewares/Third_Party/FreeRTOS/Source/event_groups.o
LOAD ./Middlewares/Third_Party/FreeRTOS/Source/list.o
LOAD ./Middlewares/Third_Party/FreeRTOS/Source/queue.o
LOAD ./Middlewares/Third_Party/FreeRTOS/Source/stream_buffer.o
LOAD ./Middlewares/Third_Party/FreeRTOS/Source/tasks.o
LOAD ./Middlewares/Third_Party/FreeRTOS/Source/timers.o
LOAD ./Middlewares/Third_Party/FreeRTOS/Source/portable/GCC/ARM_CM4F/port.o
LOAD ./Middlewares/Third_Party/FreeRTOS/Source/portable/MemMang/heap_4.o
START GROUP
LOAD C:/ST/STM32CubeIDE_1.19.0/STM32CubeIDE/plugins/com.st.stm32cube.ide.mcu.externaltools.gnu-tools-for-stm32.13.3.rel1.win32_1.0.0.202411081344/tools/bin/../lib/gcc/arm-none-eabi/13.3.1/../../../../arm-none-eabi/lib/thumb/v7e-m+fp/hard\libc_nano.a
LOAD C:/ST/STM32CubeIDE_1.19.0/STM32CubeIDE/plugins/com.st.stm32cube.ide.mcu.externaltools.gnu-tools-for-stm32.13.3.rel1.win32_1.0.0.202411081344/tools/bin/../lib/gcc/arm-none-eabi/13.3.1/../../../../arm-none-eabi/lib/thumb/v7e-m+fp/hard\libm.a
END GROUP
START GROUP
LOAD C:/ST/STM32CubeIDE_1.19.0/STM32CubeIDE/plugins/com.st.stm32cube.ide.mcu.externaltools.gnu-tools-for-stm32.13.3.rel1.win32_1.0.0.202411081344/tools/bin/../lib/gcc/arm-none-eabi/13.3.1/thumb/v7e-m+fp/hard\libgcc.a
LOAD C:/ST/STM32CubeIDE_1.19.0/STM32CubeIDE/plugins/com.st.stm32cube.ide.mcu.externaltools.gnu-tools-for-stm32.13.3.rel1.win32_1.0.0.202411081344/tools/bin/../lib/gcc/arm-none-eabi/13.3.1/../../../../arm-none-eabi/lib/thumb/v7e-m+fp/hard\libc_nano.a
END GROUP
START GROUP
LOAD C:/ST/STM32CubeIDE_1.19.0/STM32CubeIDE/plugins/com.st.stm32cube.ide.mcu.externaltools.gnu-tools-for-stm32.13.3.rel1.win32_1.0.0.202411081344/tools/bin/../lib/gcc/arm-none-eabi/13.3.1/thumb/v7e-m+fp/hard\libgcc.a
LOAD C:/ST/STM32CubeIDE_1.19.0/STM32CubeIDE/plugins/com.st.stm32cube.ide.mcu.externaltools.gnu-tools-for-stm32.13.3.rel1.win32_1.0.0.202411081344/tools/bin/../lib/gcc/arm-none-eabi/13.3.1/../../../../arm-none-eabi/lib/thumb/v7e-m+fp/hard\libc_nano.a
LOAD C:/ST/STM32CubeIDE_1.19.0/STM32CubeIDE/plugins/com.st.stm32cube.ide.mcu.externaltools.gnu-tools-for-stm32.13.3.rel1.win32_1.0.0.202411081344/tools/bin/../lib/gcc/arm-none-eabi/13.3.1/../../../../arm-none-eabi/lib/thumb/v7e-m+fp/hard\libnosys.a
END GROUP
START GROUP
LOAD C:/ST/STM32CubeIDE_1.19.0/STM32CubeIDE/plugins/com.st.stm32cube.ide.mcu.externaltools.gnu-tools-for-stm32.13.3.rel1.win32_1.0.0.202411081344/tools/bin/../lib/gcc/arm-none-eabi/13.3.1/thumb/v7e-m+fp/hard\libgcc.a
LOAD C:/ST/STM32CubeIDE_1.19.0/STM32CubeIDE/plugins/com.st.stm32cube.ide.mcu.externaltools.gnu-tools-for-stm32.13.3.rel1.win32_1.0.0.202411081344/tools/bin/../lib/gcc/arm-none-eabi/13.3.1/../../../../arm-none-eabi/lib/thumb/v7e-m+fp/hard\libc_nano.a
LOAD C:/ST/STM32CubeIDE_1.19.0/STM32CubeIDE/plugins/com.st.stm32cube.ide.mcu.externaltools.gnu-tools-for-stm32.13.3.rel1.win32_1.0.0.202411081344/tools/bin/../lib/gcc/arm-none-eabi/13.3.1/../../../../arm-none-eabi/lib/thumb/v7e-m+fp/hard\libnosys.a
END GROUP
LOAD C:/ST/STM32CubeIDE_1.19.0/STM32CubeIDE/plugins/com.st.stm32cube.ide.mcu.externaltools.gnu-tools-for-stm32.13.3.rel1.win32_1.0.0.202411081344/tools/bin/../lib/gcc/arm-none-eabi/13.3.1/thumb/v7e-m+fp/hard/crtend.o
LOAD C:/ST/STM32CubeIDE_1.19.0/STM32CubeIDE/plugins/com.st.stm32cube.ide.mcu.externaltools.gnu-tools-for-stm32.13.3.rel1.win32_1.0.0.202411081344/tools/bin/../lib/gcc/arm-none-eabi/13.3.1/thumb/v7e-m+fp/hard/crtn.o
                0x20020000                        _estack = (ORIGIN (RAM) + LENGTH (RAM))
                0x00000200                        _Min_Heap_Size = 0x200
                0x00000400                        _Min_Stack_Size = 0x400

.isr_vector     0x08000000      0x188
                0x08000000                        . = ALIGN (0x4)
 *(.isr_vector)
 .isr_vector    0x08000000      0x188 ./Core/Startup/startup_stm32f407zgtx.o
                0x08000000                g_pfnVectors
                0x08000188                        . = ALIGN (0x4)

.text           0x08000190     0x9230
                0x08000190                        . = ALIGN (0x4)
 *(.text)
 .text          0x08000190       0x40 C:/ST/STM32CubeIDE_1.19.0/STM32CubeIDE/plugins/com.st.stm32cube.ide.mcu.externaltools.gnu-tools-for-stm32.13.3.rel1.win32_1.0.0.202411081344/tools/bin/../lib/gcc/arm-none-eabi/13.3.1/thumb/v7e-m+fp/hard/crtbegin.o
 .text          0x080001d0       0xa0 C:/ST/STM32CubeIDE_1.19.0/STM32CubeIDE/plugins/com.st.stm32cube.ide.mcu.externaltools.gnu-tools-for-stm32.13.3.rel1.win32_1.0.0.202411081344/tools/bin/../lib/gcc/arm-none-eabi/13.3.1/../../../../arm-none-eabi/lib/thumb/v7e-m+fp/hard\libc_nano.a(libc_a-memchr.o)
                0x080001d0                memchr
 .text          0x08000270       0x30 C:/ST/STM32CubeIDE_1.19.0/STM32CubeIDE/plugins/com.st.stm32cube.ide.mcu.externaltools.gnu-tools-for-stm32.13.3.rel1.win32_1.0.0.202411081344/tools/bin/../lib/gcc/arm-none-eabi/13.3.1/thumb/v7e-m+fp/hard\libgcc.a(_aeabi_uldivmod.o)
                0x08000270                __aeabi_uldivmod
 .text          0x080002a0      0x2f8 C:/ST/STM32CubeIDE_1.19.0/STM32CubeIDE/plugins/com.st.stm32cube.ide.mcu.externaltools.gnu-tools-for-stm32.13.3.rel1.win32_1.0.0.202411081344/tools/bin/../lib/gcc/arm-none-eabi/13.3.1/thumb/v7e-m+fp/hard\libgcc.a(_udivmoddi4.o)
                0x080002a0                __udivmoddi4
 .text          0x08000598        0x4 C:/ST/STM32CubeIDE_1.19.0/STM32CubeIDE/plugins/com.st.stm32cube.ide.mcu.externaltools.gnu-tools-for-stm32.13.3.rel1.win32_1.0.0.202411081344/tools/bin/../lib/gcc/arm-none-eabi/13.3.1/thumb/v7e-m+fp/hard\libgcc.a(_dvmd_tls.o)
                0x08000598                __aeabi_idiv0
                0x08000598                __aeabi_ldiv0
 *(.text*)
 .text.MX_CAN1_Init
                0x0800059c       0x6c ./Core/Src/can.o
                0x0800059c                MX_CAN1_Init
 .text.MX_CAN2_Init
                0x08000608       0x70 ./Core/Src/can.o
                0x08000608                MX_CAN2_Init
 .text.__NVIC_GetEnableIRQ
                0x08000678       0x40 ./Core/Src/can2_demo.o
 .text.CAN2_Demo_Init
                0x080006b8      0x184 ./Core/Src/can2_demo.o
                0x080006b8                CAN2_Demo_Init
 .text.CAN2_Demo_Task
                0x0800083c       0x2c ./Core/Src/can2_demo.o
                0x0800083c                CAN2_Demo_Task
 .text.CAN2_Demo_ProcessReceivedMessage
                0x08000868       0x74 ./Core/Src/can2_demo.o
                0x08000868                CAN2_Demo_ProcessReceivedMessage
 .text.CAN_SendToWCMCU
                0x080008dc       0x98 ./Core/Src/can_dual_node.o
                0x080008dc                CAN_SendToWCMCU
 .text.CAN_SendDataResponse
                0x08000974       0x68 ./Core/Src/can_dual_node.o
                0x08000974                CAN_SendDataResponse
 .text.CAN_ProcessReceivedMessage
                0x080009dc       0xec ./Core/Src/can_dual_node.o
                0x080009dc                CAN_ProcessReceivedMessage
 .text.CAN_GetMessageType
                0x08000ac8       0x98 ./Core/Src/can_dual_node.o
                0x08000ac8                CAN_GetMessageType
 .text.CAN_ProcessHeartbeat
                0x08000b60       0x64 ./Core/Src/can_dual_node.o
                0x08000b60                CAN_ProcessHeartbeat
 .text.CAN_ProcessDataRequest
                0x08000bc4       0xd8 ./Core/Src/can_dual_node.o
                0x08000bc4                CAN_ProcessDataRequest
 .text.CAN_ProcessDataResponse
                0x08000c9c       0xc0 ./Core/Src/can_dual_node.o
                0x08000c9c                CAN_ProcessDataResponse
 .text.CAN_ProcessStatusMessage
                0x08000d5c       0x5c ./Core/Src/can_dual_node.o
                0x08000d5c                CAN_ProcessStatusMessage
 .text.CAN_ProcessControlCommand
                0x08000db8       0x7e ./Core/Src/can_dual_node.o
                0x08000db8                CAN_ProcessControlCommand
 *fill*         0x08000e36        0x2 
 .text.CAN_ProcessErrorMessage
                0x08000e38       0x34 ./Core/Src/can_dual_node.o
                0x08000e38                CAN_ProcessErrorMessage
 .text.CAN_ResetStats
                0x08000e6c       0x40 ./Core/Src/can_dual_node.o
                0x08000e6c                CAN_ResetStats
 .text.CAN_PrintStats
                0x08000eac       0x28 ./Core/Src/can_dual_node.o
                0x08000eac                CAN_PrintStats
 .text.CAN_PrintNodeStatus
                0x08000ed4       0x20 ./Core/Src/can_dual_node.o
                0x08000ed4                CAN_PrintNodeStatus
 .text.CAN_GetSuccessRate
                0x08000ef4       0x50 ./Core/Src/can_dual_node.o
                0x08000ef4                CAN_GetSuccessRate
 .text.CAN_PrintMessage
                0x08000f44       0x58 ./Core/Src/can_dual_node.o
                0x08000f44                CAN_PrintMessage
 .text.CAN_UpdateTxStats
                0x08000f9c       0x1c ./Core/Src/can_dual_node.o
 .text.CAN_UpdateRxStats
                0x08000fb8       0x1c ./Core/Src/can_dual_node.o
 .text.CAN_UpdateErrorStats
                0x08000fd4       0x1c ./Core/Src/can_dual_node.o
 .text.HAL_CAN_RxFifo0MsgPendingCallback
                0x08000ff0       0xc0 ./Core/Src/can_dual_node.o
                0x08000ff0                HAL_CAN_RxFifo0MsgPendingCallback
 .text.HAL_CAN_TxMailbox0CompleteCallback
                0x080010b0       0x14 ./Core/Src/can_dual_node.o
                0x080010b0                HAL_CAN_TxMailbox0CompleteCallback
 .text.HAL_CAN_TxMailbox1CompleteCallback
                0x080010c4       0x14 ./Core/Src/can_dual_node.o
                0x080010c4                HAL_CAN_TxMailbox1CompleteCallback
 .text.HAL_CAN_TxMailbox2CompleteCallback
                0x080010d8       0x14 ./Core/Src/can_dual_node.o
                0x080010d8                HAL_CAN_TxMailbox2CompleteCallback
 .text.HAL_CAN_ErrorCallback
                0x080010ec       0x2c ./Core/Src/can_dual_node.o
                0x080010ec                HAL_CAN_ErrorCallback
 .text.CAN_LoopTest_ProcessSTM32Message
                0x08001118       0x84 ./Core/Src/can_loop_test.o
                0x08001118                CAN_LoopTest_ProcessSTM32Message
 .text.CAN_SimpleDemo_Init
                0x0800119c       0xe0 ./Core/Src/can_simple_demo.o
                0x0800119c                CAN_SimpleDemo_Init
 .text.CAN_SimpleDemo_Task
                0x0800127c      0x120 ./Core/Src/can_simple_demo.o
                0x0800127c                CAN_SimpleDemo_Task
 .text.CAN_Demo_SendHeartbeat
                0x0800139c       0x80 ./Core/Src/can_simple_demo.o
 .text.CAN_Demo_SendDataMessage
                0x0800141c       0xac ./Core/Src/can_simple_demo.o
 .text.CAN_Demo_SendStatusMessage
                0x080014c8       0x80 ./Core/Src/can_simple_demo.o
 .text.CAN_Demo_SendControlMessage
                0x08001548       0x84 ./Core/Src/can_simple_demo.o
 .text.CAN_Demo_SendDebugMessage
                0x080015cc       0x80 ./Core/Src/can_simple_demo.o
 .text.main     0x0800164c       0xb4 ./Core/Src/main.o
                0x0800164c                main
 .text.SystemClock_Config
                0x08001700       0xd4 ./Core/Src/main.o
                0x08001700                SystemClock_Config
 .text.MX_SPI1_Init
                0x080017d4       0x6c ./Core/Src/main.o
 .text.MX_GPIO_Init
                0x08001840       0x6c ./Core/Src/main.o
 .text._write   0x080018ac       0x2c ./Core/Src/main.o
                0x080018ac                _write
 .text.StartDefaultTask
                0x080018d8       0x12 ./Core/Src/main.o
                0x080018d8                StartDefaultTask
 .text.StartCANSendTask
                0x080018ea       0x18 ./Core/Src/main.o
                0x080018ea                StartCANSendTask
 .text.StartCANReceiveTask
                0x08001902       0x18 ./Core/Src/main.o
                0x08001902                StartCANReceiveTask
 *fill*         0x0800191a        0x2 
 .text.HAL_TIM_PeriodElapsedCallback
                0x0800191c       0x24 ./Core/Src/main.o
                0x0800191c                HAL_TIM_PeriodElapsedCallback
 .text.Error_Handler
                0x08001940        0xc ./Core/Src/main.o
                0x08001940                Error_Handler
 .text.HAL_MspInit
                0x0800194c       0x58 ./Core/Src/stm32f4xx_hal_msp.o
                0x0800194c                HAL_MspInit
 .text.HAL_CAN_MspInit
                0x080019a4      0x200 ./Core/Src/stm32f4xx_hal_msp.o
                0x080019a4                HAL_CAN_MspInit
 .text.HAL_SPI_MspInit
                0x08001ba4       0xa0 ./Core/Src/stm32f4xx_hal_msp.o
                0x08001ba4                HAL_SPI_MspInit
 .text.HAL_UART_MspInit
                0x08001c44       0xa0 ./Core/Src/stm32f4xx_hal_msp.o
                0x08001c44                HAL_UART_MspInit
 .text.HAL_InitTick
                0x08001ce4       0xe8 ./Core/Src/stm32f4xx_hal_timebase_tim.o
                0x08001ce4                HAL_InitTick
 .text.NMI_Handler
                0x08001dcc        0x8 ./Core/Src/stm32f4xx_it.o
                0x08001dcc                NMI_Handler
 .text.HardFault_Handler
                0x08001dd4        0x8 ./Core/Src/stm32f4xx_it.o
                0x08001dd4                HardFault_Handler
 .text.MemManage_Handler
                0x08001ddc        0x8 ./Core/Src/stm32f4xx_it.o
                0x08001ddc                MemManage_Handler
 .text.BusFault_Handler
                0x08001de4        0x8 ./Core/Src/stm32f4xx_it.o
                0x08001de4                BusFault_Handler
 .text.UsageFault_Handler
                0x08001dec        0x8 ./Core/Src/stm32f4xx_it.o
                0x08001dec                UsageFault_Handler
 .text.DebugMon_Handler
                0x08001df4        0xe ./Core/Src/stm32f4xx_it.o
                0x08001df4                DebugMon_Handler
 *fill*         0x08001e02        0x2 
 .text.CAN1_TX_IRQHandler
                0x08001e04       0x14 ./Core/Src/stm32f4xx_it.o
                0x08001e04                CAN1_TX_IRQHandler
 .text.CAN1_RX0_IRQHandler
                0x08001e18       0x14 ./Core/Src/stm32f4xx_it.o
                0x08001e18                CAN1_RX0_IRQHandler
 .text.CAN1_SCE_IRQHandler
                0x08001e2c       0x14 ./Core/Src/stm32f4xx_it.o
                0x08001e2c                CAN1_SCE_IRQHandler
 .text.TIM1_UP_TIM10_IRQHandler
                0x08001e40       0x14 ./Core/Src/stm32f4xx_it.o
                0x08001e40                TIM1_UP_TIM10_IRQHandler
 .text.SPI1_IRQHandler
                0x08001e54       0x14 ./Core/Src/stm32f4xx_it.o
                0x08001e54                SPI1_IRQHandler
 .text.USART2_IRQHandler
                0x08001e68       0x14 ./Core/Src/stm32f4xx_it.o
                0x08001e68                USART2_IRQHandler
 .text.CAN2_TX_IRQHandler
                0x08001e7c       0x14 ./Core/Src/stm32f4xx_it.o
                0x08001e7c                CAN2_TX_IRQHandler
 .text.CAN2_RX0_IRQHandler
                0x08001e90       0x14 ./Core/Src/stm32f4xx_it.o
                0x08001e90                CAN2_RX0_IRQHandler
 .text.CAN2_RX1_IRQHandler
                0x08001ea4       0x14 ./Core/Src/stm32f4xx_it.o
                0x08001ea4                CAN2_RX1_IRQHandler
 .text.CAN2_SCE_IRQHandler
                0x08001eb8       0x14 ./Core/Src/stm32f4xx_it.o
                0x08001eb8                CAN2_SCE_IRQHandler
 .text._read    0x08001ecc       0x3a ./Core/Src/syscalls.o
                0x08001ecc                _read
 .text._close   0x08001f06       0x18 ./Core/Src/syscalls.o
                0x08001f06                _close
 .text._fstat   0x08001f1e       0x20 ./Core/Src/syscalls.o
                0x08001f1e                _fstat
 .text._isatty  0x08001f3e       0x16 ./Core/Src/syscalls.o
                0x08001f3e                _isatty
 .text._lseek   0x08001f54       0x1a ./Core/Src/syscalls.o
                0x08001f54                _lseek
 *fill*         0x08001f6e        0x2 
 .text._sbrk    0x08001f70       0x6c ./Core/Src/sysmem.o
                0x08001f70                _sbrk
 .text.SystemInit
                0x08001fdc       0x24 ./Core/Src/system_stm32f4xx.o
                0x08001fdc                SystemInit
 .text.MX_USART2_UART_Init
                0x08002000       0x54 ./Core/Src/usart.o
                0x08002000                MX_USART2_UART_Init
 .text.Reset_Handler
                0x08002054       0x50 ./Core/Startup/startup_stm32f407zgtx.o
                0x08002054                Reset_Handler
 .text.Default_Handler
                0x080020a4        0x2 ./Core/Startup/startup_stm32f407zgtx.o
                0x080020a4                RTC_Alarm_IRQHandler
                0x080020a4                HASH_RNG_IRQHandler
                0x080020a4                EXTI2_IRQHandler
                0x080020a4                TIM8_CC_IRQHandler
                0x080020a4                TIM1_CC_IRQHandler
                0x080020a4                DMA2_Stream5_IRQHandler
                0x080020a4                DMA1_Stream5_IRQHandler
                0x080020a4                PVD_IRQHandler
                0x080020a4                SDIO_IRQHandler
                0x080020a4                TAMP_STAMP_IRQHandler
                0x080020a4                EXTI3_IRQHandler
                0x080020a4                TIM8_TRG_COM_TIM14_IRQHandler
                0x080020a4                TIM8_UP_TIM13_IRQHandler
                0x080020a4                I2C3_ER_IRQHandler
                0x080020a4                EXTI0_IRQHandler
                0x080020a4                I2C2_EV_IRQHandler
                0x080020a4                DMA1_Stream2_IRQHandler
                0x080020a4                FPU_IRQHandler
                0x080020a4                OTG_HS_WKUP_IRQHandler
                0x080020a4                DMA2_Stream2_IRQHandler
                0x080020a4                TIM6_DAC_IRQHandler
                0x080020a4                TIM1_BRK_TIM9_IRQHandler
                0x080020a4                DCMI_IRQHandler
                0x080020a4                DMA2_Stream3_IRQHandler
                0x080020a4                USART6_IRQHandler
                0x080020a4                USART3_IRQHandler
                0x080020a4                CAN1_RX1_IRQHandler
                0x080020a4                UART5_IRQHandler
                0x080020a4                DMA2_Stream0_IRQHandler
                0x080020a4                TIM4_IRQHandler
                0x080020a4                I2C1_EV_IRQHandler
                0x080020a4                DMA1_Stream6_IRQHandler
                0x080020a4                DMA1_Stream1_IRQHandler
                0x080020a4                UART4_IRQHandler
                0x080020a4                TIM3_IRQHandler
                0x080020a4                RCC_IRQHandler
                0x080020a4                TIM8_BRK_TIM12_IRQHandler
                0x080020a4                Default_Handler
                0x080020a4                EXTI15_10_IRQHandler
                0x080020a4                ADC_IRQHandler
                0x080020a4                DMA1_Stream7_IRQHandler
                0x080020a4                TIM7_IRQHandler
                0x080020a4                TIM5_IRQHandler
                0x080020a4                DMA2_Stream7_IRQHandler
                0x080020a4                I2C3_EV_IRQHandler
                0x080020a4                EXTI9_5_IRQHandler
                0x080020a4                RTC_WKUP_IRQHandler
                0x080020a4                ETH_WKUP_IRQHandler
                0x080020a4                SPI2_IRQHandler
                0x080020a4                OTG_HS_EP1_IN_IRQHandler
                0x080020a4                DMA1_Stream0_IRQHandler
                0x080020a4                EXTI4_IRQHandler
                0x080020a4                FSMC_IRQHandler
                0x080020a4                ETH_IRQHandler
                0x080020a4                OTG_HS_EP1_OUT_IRQHandler
                0x080020a4                WWDG_IRQHandler
                0x080020a4                TIM2_IRQHandler
                0x080020a4                OTG_FS_WKUP_IRQHandler
                0x080020a4                TIM1_TRG_COM_TIM11_IRQHandler
                0x080020a4                OTG_HS_IRQHandler
                0x080020a4                EXTI1_IRQHandler
                0x080020a4                I2C2_ER_IRQHandler
                0x080020a4                DMA2_Stream1_IRQHandler
                0x080020a4                FLASH_IRQHandler
                0x080020a4                DMA2_Stream4_IRQHandler
                0x080020a4                USART1_IRQHandler
                0x080020a4                OTG_FS_IRQHandler
                0x080020a4                SPI3_IRQHandler
                0x080020a4                DMA1_Stream4_IRQHandler
                0x080020a4                I2C1_ER_IRQHandler
                0x080020a4                DMA2_Stream6_IRQHandler
                0x080020a4                DMA1_Stream3_IRQHandler
 *fill*         0x080020a6        0x2 
 .text.HAL_Init
                0x080020a8       0x44 ./Drivers/STM32F4xx_HAL_Driver/Src/stm32f4xx_hal.o
                0x080020a8                HAL_Init
 .text.HAL_IncTick
                0x080020ec       0x28 ./Drivers/STM32F4xx_HAL_Driver/Src/stm32f4xx_hal.o
                0x080020ec                HAL_IncTick
 .text.HAL_GetTick
                0x08002114       0x18 ./Drivers/STM32F4xx_HAL_Driver/Src/stm32f4xx_hal.o
                0x08002114                HAL_GetTick
 .text.HAL_CAN_Init
                0x0800212c      0x1f6 ./Drivers/STM32F4xx_HAL_Driver/Src/stm32f4xx_hal_can.o
                0x0800212c                HAL_CAN_Init
 *fill*         0x08002322        0x2 
 .text.HAL_CAN_ConfigFilter
                0x08002324      0x1bc ./Drivers/STM32F4xx_HAL_Driver/Src/stm32f4xx_hal_can.o
                0x08002324                HAL_CAN_ConfigFilter
 .text.HAL_CAN_Start
                0x080024e0       0x88 ./Drivers/STM32F4xx_HAL_Driver/Src/stm32f4xx_hal_can.o
                0x080024e0                HAL_CAN_Start
 .text.HAL_CAN_AddTxMessage
                0x08002568      0x1a0 ./Drivers/STM32F4xx_HAL_Driver/Src/stm32f4xx_hal_can.o
                0x08002568                HAL_CAN_AddTxMessage
 .text.HAL_CAN_GetRxMessage
                0x08002708      0x244 ./Drivers/STM32F4xx_HAL_Driver/Src/stm32f4xx_hal_can.o
                0x08002708                HAL_CAN_GetRxMessage
 .text.HAL_CAN_ActivateNotification
                0x0800294c       0x4c ./Drivers/STM32F4xx_HAL_Driver/Src/stm32f4xx_hal_can.o
                0x0800294c                HAL_CAN_ActivateNotification
 .text.HAL_CAN_IRQHandler
                0x08002998      0x36e ./Drivers/STM32F4xx_HAL_Driver/Src/stm32f4xx_hal_can.o
                0x08002998                HAL_CAN_IRQHandler
 .text.HAL_CAN_TxMailbox0AbortCallback
                0x08002d06       0x14 ./Drivers/STM32F4xx_HAL_Driver/Src/stm32f4xx_hal_can.o
                0x08002d06                HAL_CAN_TxMailbox0AbortCallback
 .text.HAL_CAN_TxMailbox1AbortCallback
                0x08002d1a       0x14 ./Drivers/STM32F4xx_HAL_Driver/Src/stm32f4xx_hal_can.o
                0x08002d1a                HAL_CAN_TxMailbox1AbortCallback
 .text.HAL_CAN_TxMailbox2AbortCallback
                0x08002d2e       0x14 ./Drivers/STM32F4xx_HAL_Driver/Src/stm32f4xx_hal_can.o
                0x08002d2e                HAL_CAN_TxMailbox2AbortCallback
 .text.HAL_CAN_RxFifo0FullCallback
                0x08002d42       0x14 ./Drivers/STM32F4xx_HAL_Driver/Src/stm32f4xx_hal_can.o
                0x08002d42                HAL_CAN_RxFifo0FullCallback
 .text.HAL_CAN_RxFifo1MsgPendingCallback
                0x08002d56       0x14 ./Drivers/STM32F4xx_HAL_Driver/Src/stm32f4xx_hal_can.o
                0x08002d56                HAL_CAN_RxFifo1MsgPendingCallback
 .text.HAL_CAN_RxFifo1FullCallback
                0x08002d6a       0x14 ./Drivers/STM32F4xx_HAL_Driver/Src/stm32f4xx_hal_can.o
                0x08002d6a                HAL_CAN_RxFifo1FullCallback
 .text.HAL_CAN_SleepCallback
                0x08002d7e       0x14 ./Drivers/STM32F4xx_HAL_Driver/Src/stm32f4xx_hal_can.o
                0x08002d7e                HAL_CAN_SleepCallback
 .text.HAL_CAN_WakeUpFromRxMsgCallback
                0x08002d92       0x14 ./Drivers/STM32F4xx_HAL_Driver/Src/stm32f4xx_hal_can.o
                0x08002d92                HAL_CAN_WakeUpFromRxMsgCallback
 .text.HAL_CAN_GetState
                0x08002da6       0x50 ./Drivers/STM32F4xx_HAL_Driver/Src/stm32f4xx_hal_can.o
                0x08002da6                HAL_CAN_GetState
 .text.HAL_CAN_GetError
                0x08002df6       0x18 ./Drivers/STM32F4xx_HAL_Driver/Src/stm32f4xx_hal_can.o
                0x08002df6                HAL_CAN_GetError
 *fill*         0x08002e0e        0x2 
 .text.__NVIC_SetPriorityGrouping
                0x08002e10       0x48 ./Drivers/STM32F4xx_HAL_Driver/Src/stm32f4xx_hal_cortex.o
 .text.__NVIC_GetPriorityGrouping
                0x08002e58       0x1c ./Drivers/STM32F4xx_HAL_Driver/Src/stm32f4xx_hal_cortex.o
 .text.__NVIC_EnableIRQ
                0x08002e74       0x3c ./Drivers/STM32F4xx_HAL_Driver/Src/stm32f4xx_hal_cortex.o
 .text.__NVIC_SetPriority
                0x08002eb0       0x54 ./Drivers/STM32F4xx_HAL_Driver/Src/stm32f4xx_hal_cortex.o
 .text.NVIC_EncodePriority
                0x08002f04       0x66 ./Drivers/STM32F4xx_HAL_Driver/Src/stm32f4xx_hal_cortex.o
 .text.HAL_NVIC_SetPriorityGrouping
                0x08002f6a       0x16 ./Drivers/STM32F4xx_HAL_Driver/Src/stm32f4xx_hal_cortex.o
                0x08002f6a                HAL_NVIC_SetPriorityGrouping
 .text.HAL_NVIC_SetPriority
                0x08002f80       0x38 ./Drivers/STM32F4xx_HAL_Driver/Src/stm32f4xx_hal_cortex.o
                0x08002f80                HAL_NVIC_SetPriority
 .text.HAL_NVIC_EnableIRQ
                0x08002fb8       0x1c ./Drivers/STM32F4xx_HAL_Driver/Src/stm32f4xx_hal_cortex.o
                0x08002fb8                HAL_NVIC_EnableIRQ
 .text.HAL_DMA_Abort
                0x08002fd4       0xe0 ./Drivers/STM32F4xx_HAL_Driver/Src/stm32f4xx_hal_dma.o
                0x08002fd4                HAL_DMA_Abort
 .text.HAL_DMA_Abort_IT
                0x080030b4       0x44 ./Drivers/STM32F4xx_HAL_Driver/Src/stm32f4xx_hal_dma.o
                0x080030b4                HAL_DMA_Abort_IT
 .text.HAL_GPIO_Init
                0x080030f8      0x338 ./Drivers/STM32F4xx_HAL_Driver/Src/stm32f4xx_hal_gpio.o
                0x080030f8                HAL_GPIO_Init
 .text.HAL_RCC_OscConfig
                0x08003430      0x4f0 ./Drivers/STM32F4xx_HAL_Driver/Src/stm32f4xx_hal_rcc.o
                0x08003430                HAL_RCC_OscConfig
 .text.HAL_RCC_ClockConfig
                0x08003920      0x1cc ./Drivers/STM32F4xx_HAL_Driver/Src/stm32f4xx_hal_rcc.o
                0x08003920                HAL_RCC_ClockConfig
 .text.HAL_RCC_GetSysClockFreq
                0x08003aec      0x20c ./Drivers/STM32F4xx_HAL_Driver/Src/stm32f4xx_hal_rcc.o
                0x08003aec                HAL_RCC_GetSysClockFreq
 .text.HAL_RCC_GetHCLKFreq
                0x08003cf8       0x18 ./Drivers/STM32F4xx_HAL_Driver/Src/stm32f4xx_hal_rcc.o
                0x08003cf8                HAL_RCC_GetHCLKFreq
 .text.HAL_RCC_GetPCLK1Freq
                0x08003d10       0x28 ./Drivers/STM32F4xx_HAL_Driver/Src/stm32f4xx_hal_rcc.o
                0x08003d10                HAL_RCC_GetPCLK1Freq
 .text.HAL_RCC_GetPCLK2Freq
                0x08003d38       0x28 ./Drivers/STM32F4xx_HAL_Driver/Src/stm32f4xx_hal_rcc.o
                0x08003d38                HAL_RCC_GetPCLK2Freq
 .text.HAL_RCC_GetClockConfig
                0x08003d60       0x64 ./Drivers/STM32F4xx_HAL_Driver/Src/stm32f4xx_hal_rcc.o
                0x08003d60                HAL_RCC_GetClockConfig
 .text.HAL_SPI_Init
                0x08003dc4      0x112 ./Drivers/STM32F4xx_HAL_Driver/Src/stm32f4xx_hal_spi.o
                0x08003dc4                HAL_SPI_Init
 *fill*         0x08003ed6        0x2 
 .text.HAL_SPI_IRQHandler
                0x08003ed8      0x200 ./Drivers/STM32F4xx_HAL_Driver/Src/stm32f4xx_hal_spi.o
                0x08003ed8                HAL_SPI_IRQHandler
 .text.HAL_SPI_ErrorCallback
                0x080040d8       0x14 ./Drivers/STM32F4xx_HAL_Driver/Src/stm32f4xx_hal_spi.o
                0x080040d8                HAL_SPI_ErrorCallback
 .text.SPI_DMAAbortOnError
                0x080040ec       0x28 ./Drivers/STM32F4xx_HAL_Driver/Src/stm32f4xx_hal_spi.o
 .text.HAL_TIM_Base_Init
                0x08004114       0x9e ./Drivers/STM32F4xx_HAL_Driver/Src/stm32f4xx_hal_tim.o
                0x08004114                HAL_TIM_Base_Init
 .text.HAL_TIM_Base_MspInit
                0x080041b2       0x14 ./Drivers/STM32F4xx_HAL_Driver/Src/stm32f4xx_hal_tim.o
                0x080041b2                HAL_TIM_Base_MspInit
 *fill*         0x080041c6        0x2 
 .text.HAL_TIM_Base_Start_IT
                0x080041c8       0xe0 ./Drivers/STM32F4xx_HAL_Driver/Src/stm32f4xx_hal_tim.o
                0x080041c8                HAL_TIM_Base_Start_IT
 .text.HAL_TIM_IRQHandler
                0x080042a8      0x1e0 ./Drivers/STM32F4xx_HAL_Driver/Src/stm32f4xx_hal_tim.o
                0x080042a8                HAL_TIM_IRQHandler
 .text.HAL_TIM_OC_DelayElapsedCallback
                0x08004488       0x14 ./Drivers/STM32F4xx_HAL_Driver/Src/stm32f4xx_hal_tim.o
                0x08004488                HAL_TIM_OC_DelayElapsedCallback
 .text.HAL_TIM_IC_CaptureCallback
                0x0800449c       0x14 ./Drivers/STM32F4xx_HAL_Driver/Src/stm32f4xx_hal_tim.o
                0x0800449c                HAL_TIM_IC_CaptureCallback
 .text.HAL_TIM_PWM_PulseFinishedCallback
                0x080044b0       0x14 ./Drivers/STM32F4xx_HAL_Driver/Src/stm32f4xx_hal_tim.o
                0x080044b0                HAL_TIM_PWM_PulseFinishedCallback
 .text.HAL_TIM_TriggerCallback
                0x080044c4       0x14 ./Drivers/STM32F4xx_HAL_Driver/Src/stm32f4xx_hal_tim.o
                0x080044c4                HAL_TIM_TriggerCallback
 .text.TIM_Base_SetConfig
                0x080044d8      0x14c ./Drivers/STM32F4xx_HAL_Driver/Src/stm32f4xx_hal_tim.o
                0x080044d8                TIM_Base_SetConfig
 .text.HAL_TIMEx_CommutCallback
                0x08004624       0x14 ./Drivers/STM32F4xx_HAL_Driver/Src/stm32f4xx_hal_tim_ex.o
                0x08004624                HAL_TIMEx_CommutCallback
 .text.HAL_TIMEx_BreakCallback
                0x08004638       0x14 ./Drivers/STM32F4xx_HAL_Driver/Src/stm32f4xx_hal_tim_ex.o
                0x08004638                HAL_TIMEx_BreakCallback
 .text.HAL_UART_Init
                0x0800464c       0xa0 ./Drivers/STM32F4xx_HAL_Driver/Src/stm32f4xx_hal_uart.o
                0x0800464c                HAL_UART_Init
 .text.HAL_UART_Transmit
                0x080046ec      0x116 ./Drivers/STM32F4xx_HAL_Driver/Src/stm32f4xx_hal_uart.o
                0x080046ec                HAL_UART_Transmit
 *fill*         0x08004802        0x2 
 .text.HAL_UART_IRQHandler
                0x08004804      0x554 ./Drivers/STM32F4xx_HAL_Driver/Src/stm32f4xx_hal_uart.o
                0x08004804                HAL_UART_IRQHandler
 .text.HAL_UART_TxCpltCallback
                0x08004d58       0x14 ./Drivers/STM32F4xx_HAL_Driver/Src/stm32f4xx_hal_uart.o
                0x08004d58                HAL_UART_TxCpltCallback
 .text.HAL_UART_RxCpltCallback
                0x08004d6c       0x14 ./Drivers/STM32F4xx_HAL_Driver/Src/stm32f4xx_hal_uart.o
                0x08004d6c                HAL_UART_RxCpltCallback
 .text.HAL_UART_ErrorCallback
                0x08004d80       0x14 ./Drivers/STM32F4xx_HAL_Driver/Src/stm32f4xx_hal_uart.o
                0x08004d80                HAL_UART_ErrorCallback
 .text.HAL_UARTEx_RxEventCallback
                0x08004d94       0x18 ./Drivers/STM32F4xx_HAL_Driver/Src/stm32f4xx_hal_uart.o
                0x08004d94                HAL_UARTEx_RxEventCallback
 .text.UART_WaitOnFlagUntilTimeout
                0x08004dac       0xb2 ./Drivers/STM32F4xx_HAL_Driver/Src/stm32f4xx_hal_uart.o
 .text.UART_EndRxTransfer
                0x08004e5e       0xc6 ./Drivers/STM32F4xx_HAL_Driver/Src/stm32f4xx_hal_uart.o
 .text.UART_DMAAbortOnError
                0x08004f24       0x22 ./Drivers/STM32F4xx_HAL_Driver/Src/stm32f4xx_hal_uart.o
 .text.UART_Transmit_IT
                0x08004f46       0xa0 ./Drivers/STM32F4xx_HAL_Driver/Src/stm32f4xx_hal_uart.o
 .text.UART_EndTransmit_IT
                0x08004fe6       0x30 ./Drivers/STM32F4xx_HAL_Driver/Src/stm32f4xx_hal_uart.o
 .text.UART_Receive_IT
                0x08005016      0x17c ./Drivers/STM32F4xx_HAL_Driver/Src/stm32f4xx_hal_uart.o
 *fill*         0x08005192        0x2 
 .text.UART_SetConfig
                0x08005194      0x4e8 ./Drivers/STM32F4xx_HAL_Driver/Src/stm32f4xx_hal_uart.o
 .text.__NVIC_SetPriority
                0x0800567c       0x54 ./Middlewares/Third_Party/FreeRTOS/Source/CMSIS_RTOS_V2/cmsis_os2.o
 .text.SysTick_Handler
                0x080056d0       0x20 ./Middlewares/Third_Party/FreeRTOS/Source/CMSIS_RTOS_V2/cmsis_os2.o
                0x080056d0                SysTick_Handler
 .text.SVC_Setup
                0x080056f0       0x12 ./Middlewares/Third_Party/FreeRTOS/Source/CMSIS_RTOS_V2/cmsis_os2.o
 *fill*         0x08005702        0x2 
 .text.osKernelInitialize
                0x08005704       0x48 ./Middlewares/Third_Party/FreeRTOS/Source/CMSIS_RTOS_V2/cmsis_os2.o
                0x08005704                osKernelInitialize
 .text.osKernelStart
                0x0800574c       0x4c ./Middlewares/Third_Party/FreeRTOS/Source/CMSIS_RTOS_V2/cmsis_os2.o
                0x0800574c                osKernelStart
 .text.osThreadNew
                0x08005798      0x124 ./Middlewares/Third_Party/FreeRTOS/Source/CMSIS_RTOS_V2/cmsis_os2.o
                0x08005798                osThreadNew
 .text.osDelay  0x080058bc       0x36 ./Middlewares/Third_Party/FreeRTOS/Source/CMSIS_RTOS_V2/cmsis_os2.o
                0x080058bc                osDelay
 .text.osMessageQueueNew
                0x080058f2       0xe6 ./Middlewares/Third_Party/FreeRTOS/Source/CMSIS_RTOS_V2/cmsis_os2.o
                0x080058f2                osMessageQueueNew
 .text.vApplicationGetIdleTaskMemory
                0x080059d8       0x34 ./Middlewares/Third_Party/FreeRTOS/Source/CMSIS_RTOS_V2/cmsis_os2.o
                0x080059d8                vApplicationGetIdleTaskMemory
 .text.vApplicationGetTimerTaskMemory
                0x08005a0c       0x34 ./Middlewares/Third_Party/FreeRTOS/Source/CMSIS_RTOS_V2/cmsis_os2.o
                0x08005a0c                vApplicationGetTimerTaskMemory
 .text.vListInitialise
                0x08005a40       0x40 ./Middlewares/Third_Party/FreeRTOS/Source/list.o
                0x08005a40                vListInitialise
 .text.vListInitialiseItem
                0x08005a80       0x1a ./Middlewares/Third_Party/FreeRTOS/Source/list.o
                0x08005a80                vListInitialiseItem
 .text.vListInsertEnd
                0x08005a9a       0x48 ./Middlewares/Third_Party/FreeRTOS/Source/list.o
                0x08005a9a                vListInsertEnd
 .text.vListInsert
                0x08005ae2       0x72 ./Middlewares/Third_Party/FreeRTOS/Source/list.o
                0x08005ae2                vListInsert
 .text.uxListRemove
                0x08005b54       0x54 ./Middlewares/Third_Party/FreeRTOS/Source/list.o
                0x08005b54                uxListRemove
 .text.xQueueGenericReset
                0x08005ba8       0xd4 ./Middlewares/Third_Party/FreeRTOS/Source/queue.o
                0x08005ba8                xQueueGenericReset
 .text.xQueueGenericCreateStatic
                0x08005c7c       0xfa ./Middlewares/Third_Party/FreeRTOS/Source/queue.o
                0x08005c7c                xQueueGenericCreateStatic
 .text.xQueueGenericCreate
                0x08005d76       0x76 ./Middlewares/Third_Party/FreeRTOS/Source/queue.o
                0x08005d76                xQueueGenericCreate
 .text.prvInitialiseNewQueue
                0x08005dec       0x46 ./Middlewares/Third_Party/FreeRTOS/Source/queue.o
 *fill*         0x08005e32        0x2 
 .text.xQueueGenericSend
                0x08005e34      0x204 ./Middlewares/Third_Party/FreeRTOS/Source/queue.o
                0x08005e34                xQueueGenericSend
 .text.xQueueGenericSendFromISR
                0x08006038      0x13c ./Middlewares/Third_Party/FreeRTOS/Source/queue.o
                0x08006038                xQueueGenericSendFromISR
 .text.xQueueReceive
                0x08006174      0x1c4 ./Middlewares/Third_Party/FreeRTOS/Source/queue.o
                0x08006174                xQueueReceive
 .text.prvCopyDataToQueue
                0x08006338       0xd4 ./Middlewares/Third_Party/FreeRTOS/Source/queue.o
 .text.prvCopyDataFromQueue
                0x0800640c       0x4c ./Middlewares/Third_Party/FreeRTOS/Source/queue.o
 .text.prvUnlockQueue
                0x08006458       0xa4 ./Middlewares/Third_Party/FreeRTOS/Source/queue.o
 .text.prvIsQueueEmpty
                0x080064fc       0x2c ./Middlewares/Third_Party/FreeRTOS/Source/queue.o
 .text.prvIsQueueFull
                0x08006528       0x30 ./Middlewares/Third_Party/FreeRTOS/Source/queue.o
 .text.vQueueAddToRegistry
                0x08006558       0x54 ./Middlewares/Third_Party/FreeRTOS/Source/queue.o
                0x08006558                vQueueAddToRegistry
 .text.vQueueWaitForMessageRestricted
                0x080065ac       0x68 ./Middlewares/Third_Party/FreeRTOS/Source/queue.o
                0x080065ac                vQueueWaitForMessageRestricted
 .text.xTaskCreateStatic
                0x08006614       0xc0 ./Middlewares/Third_Party/FreeRTOS/Source/tasks.o
                0x08006614                xTaskCreateStatic
 .text.xTaskCreate
                0x080066d4       0x8a ./Middlewares/Third_Party/FreeRTOS/Source/tasks.o
                0x080066d4                xTaskCreate
 *fill*         0x0800675e        0x2 
 .text.prvInitialiseNewTask
                0x08006760      0x150 ./Middlewares/Third_Party/FreeRTOS/Source/tasks.o
 .text.prvAddNewTaskToReadyList
                0x080068b0       0xe0 ./Middlewares/Third_Party/FreeRTOS/Source/tasks.o
 .text.vTaskDelay
                0x08006990       0x6c ./Middlewares/Third_Party/FreeRTOS/Source/tasks.o
                0x08006990                vTaskDelay
 .text.vTaskStartScheduler
                0x080069fc       0xe0 ./Middlewares/Third_Party/FreeRTOS/Source/tasks.o
                0x080069fc                vTaskStartScheduler
 .text.vTaskSuspendAll
                0x08006adc       0x1c ./Middlewares/Third_Party/FreeRTOS/Source/tasks.o
                0x08006adc                vTaskSuspendAll
 .text.xTaskResumeAll
                0x08006af8      0x13c ./Middlewares/Third_Party/FreeRTOS/Source/tasks.o
                0x08006af8                xTaskResumeAll
 .text.xTaskGetTickCount
                0x08006c34       0x20 ./Middlewares/Third_Party/FreeRTOS/Source/tasks.o
                0x08006c34                xTaskGetTickCount
 .text.xTaskIncrementTick
                0x08006c54      0x174 ./Middlewares/Third_Party/FreeRTOS/Source/tasks.o
                0x08006c54                xTaskIncrementTick
 .text.vTaskSwitchContext
                0x08006dc8       0xcc ./Middlewares/Third_Party/FreeRTOS/Source/tasks.o
                0x08006dc8                vTaskSwitchContext
 .text.vTaskPlaceOnEventList
                0x08006e94       0x4c ./Middlewares/Third_Party/FreeRTOS/Source/tasks.o
                0x08006e94                vTaskPlaceOnEventList
 .text.vTaskPlaceOnEventListRestricted
                0x08006ee0       0x58 ./Middlewares/Third_Party/FreeRTOS/Source/tasks.o
                0x08006ee0                vTaskPlaceOnEventListRestricted
 .text.xTaskRemoveFromEventList
                0x08006f38       0xc8 ./Middlewares/Third_Party/FreeRTOS/Source/tasks.o
                0x08006f38                xTaskRemoveFromEventList
 .text.vTaskInternalSetTimeOutState
                0x08007000       0x2c ./Middlewares/Third_Party/FreeRTOS/Source/tasks.o
                0x08007000                vTaskInternalSetTimeOutState
 .text.xTaskCheckForTimeOut
                0x0800702c       0xc8 ./Middlewares/Third_Party/FreeRTOS/Source/tasks.o
                0x0800702c                xTaskCheckForTimeOut
 .text.vTaskMissedYield
                0x080070f4       0x18 ./Middlewares/Third_Party/FreeRTOS/Source/tasks.o
                0x080070f4                vTaskMissedYield
 .text.prvIdleTask
                0x0800710c       0x30 ./Middlewares/Third_Party/FreeRTOS/Source/tasks.o
 .text.prvInitialiseTaskLists
                0x0800713c       0x80 ./Middlewares/Third_Party/FreeRTOS/Source/tasks.o
 .text.prvCheckTasksWaitingTermination
                0x080071bc       0x5c ./Middlewares/Third_Party/FreeRTOS/Source/tasks.o
 .text.prvDeleteTCB
                0x08007218       0x6a ./Middlewares/Third_Party/FreeRTOS/Source/tasks.o
 *fill*         0x08007282        0x2 
 .text.prvResetNextTaskUnblockTime
                0x08007284       0x40 ./Middlewares/Third_Party/FreeRTOS/Source/tasks.o
 .text.xTaskGetSchedulerState
                0x080072c4       0x3c ./Middlewares/Third_Party/FreeRTOS/Source/tasks.o
                0x080072c4                xTaskGetSchedulerState
 .text.xTaskPriorityDisinherit
                0x08007300       0xe0 ./Middlewares/Third_Party/FreeRTOS/Source/tasks.o
                0x08007300                xTaskPriorityDisinherit
 .text.prvAddCurrentTaskToDelayedList
                0x080073e0       0xa8 ./Middlewares/Third_Party/FreeRTOS/Source/tasks.o
 .text.xTimerCreateTimerTask
                0x08007488       0x94 ./Middlewares/Third_Party/FreeRTOS/Source/timers.o
                0x08007488                xTimerCreateTimerTask
 .text.xTimerGenericCommand
                0x0800751c       0x9c ./Middlewares/Third_Party/FreeRTOS/Source/timers.o
                0x0800751c                xTimerGenericCommand
 .text.prvProcessExpiredTimer
                0x080075b8       0x9c ./Middlewares/Third_Party/FreeRTOS/Source/timers.o
 .text.prvTimerTask
                0x08007654       0x26 ./Middlewares/Third_Party/FreeRTOS/Source/timers.o
 *fill*         0x0800767a        0x2 
 .text.prvProcessTimerOrBlockTask
                0x0800767c       0x9c ./Middlewares/Third_Party/FreeRTOS/Source/timers.o
 .text.prvGetNextExpireTime
                0x08007718       0x48 ./Middlewares/Third_Party/FreeRTOS/Source/timers.o
 .text.prvSampleTimeNow
                0x08007760       0x40 ./Middlewares/Third_Party/FreeRTOS/Source/timers.o
 .text.prvInsertTimerInActiveList
                0x080077a0       0x84 ./Middlewares/Third_Party/FreeRTOS/Source/timers.o
 .text.prvProcessReceivedCommands
                0x08007824      0x1cc ./Middlewares/Third_Party/FreeRTOS/Source/timers.o
 .text.prvSwitchTimerLists
                0x080079f0       0xcc ./Middlewares/Third_Party/FreeRTOS/Source/timers.o
 .text.prvCheckForValidListAndQueue
                0x08007abc       0x80 ./Middlewares/Third_Party/FreeRTOS/Source/timers.o
 .text.pxPortInitialiseStack
                0x08007b3c       0x68 ./Middlewares/Third_Party/FreeRTOS/Source/portable/GCC/ARM_CM4F/port.o
                0x08007b3c                pxPortInitialiseStack
 .text.prvTaskExitError
                0x08007ba4       0x5c ./Middlewares/Third_Party/FreeRTOS/Source/portable/GCC/ARM_CM4F/port.o
 .text.SVC_Handler
                0x08007c00       0x28 ./Middlewares/Third_Party/FreeRTOS/Source/portable/GCC/ARM_CM4F/port.o
                0x08007c00                SVC_Handler
 .text.prvPortStartFirstTask
                0x08007c28       0x28 ./Middlewares/Third_Party/FreeRTOS/Source/portable/GCC/ARM_CM4F/port.o
 .text.xPortStartScheduler
                0x08007c50      0x148 ./Middlewares/Third_Party/FreeRTOS/Source/portable/GCC/ARM_CM4F/port.o
                0x08007c50                xPortStartScheduler
 .text.vPortEnterCritical
                0x08007d98       0x64 ./Middlewares/Third_Party/FreeRTOS/Source/portable/GCC/ARM_CM4F/port.o
                0x08007d98                vPortEnterCritical
 .text.vPortExitCritical
                0x08007dfc       0x54 ./Middlewares/Third_Party/FreeRTOS/Source/portable/GCC/ARM_CM4F/port.o
                0x08007dfc                vPortExitCritical
 .text.PendSV_Handler
                0x08007e50       0x68 ./Middlewares/Third_Party/FreeRTOS/Source/portable/GCC/ARM_CM4F/port.o
                0x08007e50                PendSV_Handler
 .text.xPortSysTickHandler
                0x08007eb8       0x44 ./Middlewares/Third_Party/FreeRTOS/Source/portable/GCC/ARM_CM4F/port.o
                0x08007eb8                xPortSysTickHandler
 .text.vPortSetupTimerInterrupt
                0x08007efc       0x48 ./Middlewares/Third_Party/FreeRTOS/Source/portable/GCC/ARM_CM4F/port.o
                0x08007efc                vPortSetupTimerInterrupt
 .text.vPortEnableVFP
                0x08007f44       0x14 ./Middlewares/Third_Party/FreeRTOS/Source/portable/GCC/ARM_CM4F/port.o
 .text.vPortValidateInterruptPriority
                0x08007f58       0x84 ./Middlewares/Third_Party/FreeRTOS/Source/portable/GCC/ARM_CM4F/port.o
                0x08007f58                vPortValidateInterruptPriority
 .text.pvPortMalloc
                0x08007fdc      0x19c ./Middlewares/Third_Party/FreeRTOS/Source/portable/MemMang/heap_4.o
                0x08007fdc                pvPortMalloc
 .text.vPortFree
                0x08008178       0xc8 ./Middlewares/Third_Party/FreeRTOS/Source/portable/MemMang/heap_4.o
                0x08008178                vPortFree
 .text.prvHeapInit
                0x08008240       0xc4 ./Middlewares/Third_Party/FreeRTOS/Source/portable/MemMang/heap_4.o
 .text.prvInsertBlockIntoFreeList
                0x08008304       0xb4 ./Middlewares/Third_Party/FreeRTOS/Source/portable/MemMang/heap_4.o
 .text.std      0x080083b8       0x6c C:/ST/STM32CubeIDE_1.19.0/STM32CubeIDE/plugins/com.st.stm32cube.ide.mcu.externaltools.gnu-tools-for-stm32.13.3.rel1.win32_1.0.0.202411081344/tools/bin/../lib/gcc/arm-none-eabi/13.3.1/../../../../arm-none-eabi/lib/thumb/v7e-m+fp/hard\libc_nano.a(libc_a-findfp.o)
 .text.stdio_exit_handler
                0x08008424       0x18 C:/ST/STM32CubeIDE_1.19.0/STM32CubeIDE/plugins/com.st.stm32cube.ide.mcu.externaltools.gnu-tools-for-stm32.13.3.rel1.win32_1.0.0.202411081344/tools/bin/../lib/gcc/arm-none-eabi/13.3.1/../../../../arm-none-eabi/lib/thumb/v7e-m+fp/hard\libc_nano.a(libc_a-findfp.o)
 .text.cleanup_stdio
                0x0800843c       0x40 C:/ST/STM32CubeIDE_1.19.0/STM32CubeIDE/plugins/com.st.stm32cube.ide.mcu.externaltools.gnu-tools-for-stm32.13.3.rel1.win32_1.0.0.202411081344/tools/bin/../lib/gcc/arm-none-eabi/13.3.1/../../../../arm-none-eabi/lib/thumb/v7e-m+fp/hard\libc_nano.a(libc_a-findfp.o)
 .text.global_stdio_init.part.0
                0x0800847c       0x3c C:/ST/STM32CubeIDE_1.19.0/STM32CubeIDE/plugins/com.st.stm32cube.ide.mcu.externaltools.gnu-tools-for-stm32.13.3.rel1.win32_1.0.0.202411081344/tools/bin/../lib/gcc/arm-none-eabi/13.3.1/../../../../arm-none-eabi/lib/thumb/v7e-m+fp/hard\libc_nano.a(libc_a-findfp.o)
 .text.__sfp_lock_acquire
                0x080084b8        0xc C:/ST/STM32CubeIDE_1.19.0/STM32CubeIDE/plugins/com.st.stm32cube.ide.mcu.externaltools.gnu-tools-for-stm32.13.3.rel1.win32_1.0.0.202411081344/tools/bin/../lib/gcc/arm-none-eabi/13.3.1/../../../../arm-none-eabi/lib/thumb/v7e-m+fp/hard\libc_nano.a(libc_a-findfp.o)
                0x080084b8                __sfp_lock_acquire
 .text.__sfp_lock_release
                0x080084c4        0xc C:/ST/STM32CubeIDE_1.19.0/STM32CubeIDE/plugins/com.st.stm32cube.ide.mcu.externaltools.gnu-tools-for-stm32.13.3.rel1.win32_1.0.0.202411081344/tools/bin/../lib/gcc/arm-none-eabi/13.3.1/../../../../arm-none-eabi/lib/thumb/v7e-m+fp/hard\libc_nano.a(libc_a-findfp.o)
                0x080084c4                __sfp_lock_release
 .text.__sinit  0x080084d0       0x30 C:/ST/STM32CubeIDE_1.19.0/STM32CubeIDE/plugins/com.st.stm32cube.ide.mcu.externaltools.gnu-tools-for-stm32.13.3.rel1.win32_1.0.0.202411081344/tools/bin/../lib/gcc/arm-none-eabi/13.3.1/../../../../arm-none-eabi/lib/thumb/v7e-m+fp/hard\libc_nano.a(libc_a-findfp.o)
                0x080084d0                __sinit
 .text._fwalk_sglue
                0x08008500       0x3c C:/ST/STM32CubeIDE_1.19.0/STM32CubeIDE/plugins/com.st.stm32cube.ide.mcu.externaltools.gnu-tools-for-stm32.13.3.rel1.win32_1.0.0.202411081344/tools/bin/../lib/gcc/arm-none-eabi/13.3.1/../../../../arm-none-eabi/lib/thumb/v7e-m+fp/hard\libc_nano.a(libc_a-fwalk.o)
                0x08008500                _fwalk_sglue
 .text.printf   0x0800853c       0x24 C:/ST/STM32CubeIDE_1.19.0/STM32CubeIDE/plugins/com.st.stm32cube.ide.mcu.externaltools.gnu-tools-for-stm32.13.3.rel1.win32_1.0.0.202411081344/tools/bin/../lib/gcc/arm-none-eabi/13.3.1/../../../../arm-none-eabi/lib/thumb/v7e-m+fp/hard\libc_nano.a(libc_a-printf.o)
                0x0800853c                iprintf
                0x0800853c                printf
 .text._puts_r  0x08008560       0xaa C:/ST/STM32CubeIDE_1.19.0/STM32CubeIDE/plugins/com.st.stm32cube.ide.mcu.externaltools.gnu-tools-for-stm32.13.3.rel1.win32_1.0.0.202411081344/tools/bin/../lib/gcc/arm-none-eabi/13.3.1/../../../../arm-none-eabi/lib/thumb/v7e-m+fp/hard\libc_nano.a(libc_a-puts.o)
                0x08008560                _puts_r
 *fill*         0x0800860a        0x2 
 .text.puts     0x0800860c       0x10 C:/ST/STM32CubeIDE_1.19.0/STM32CubeIDE/plugins/com.st.stm32cube.ide.mcu.externaltools.gnu-tools-for-stm32.13.3.rel1.win32_1.0.0.202411081344/tools/bin/../lib/gcc/arm-none-eabi/13.3.1/../../../../arm-none-eabi/lib/thumb/v7e-m+fp/hard\libc_nano.a(libc_a-puts.o)
                0x0800860c                puts
 .text.__sread  0x0800861c       0x22 C:/ST/STM32CubeIDE_1.19.0/STM32CubeIDE/plugins/com.st.stm32cube.ide.mcu.externaltools.gnu-tools-for-stm32.13.3.rel1.win32_1.0.0.202411081344/tools/bin/../lib/gcc/arm-none-eabi/13.3.1/../../../../arm-none-eabi/lib/thumb/v7e-m+fp/hard\libc_nano.a(libc_a-stdio.o)
                0x0800861c                __sread
 .text.__swrite
                0x0800863e       0x38 C:/ST/STM32CubeIDE_1.19.0/STM32CubeIDE/plugins/com.st.stm32cube.ide.mcu.externaltools.gnu-tools-for-stm32.13.3.rel1.win32_1.0.0.202411081344/tools/bin/../lib/gcc/arm-none-eabi/13.3.1/../../../../arm-none-eabi/lib/thumb/v7e-m+fp/hard\libc_nano.a(libc_a-stdio.o)
                0x0800863e                __swrite
 .text.__sseek  0x08008676       0x24 C:/ST/STM32CubeIDE_1.19.0/STM32CubeIDE/plugins/com.st.stm32cube.ide.mcu.externaltools.gnu-tools-for-stm32.13.3.rel1.win32_1.0.0.202411081344/tools/bin/../lib/gcc/arm-none-eabi/13.3.1/../../../../arm-none-eabi/lib/thumb/v7e-m+fp/hard\libc_nano.a(libc_a-stdio.o)
                0x08008676                __sseek
 .text.__sclose
                0x0800869a        0x8 C:/ST/STM32CubeIDE_1.19.0/STM32CubeIDE/plugins/com.st.stm32cube.ide.mcu.externaltools.gnu-tools-for-stm32.13.3.rel1.win32_1.0.0.202411081344/tools/bin/../lib/gcc/arm-none-eabi/13.3.1/../../../../arm-none-eabi/lib/thumb/v7e-m+fp/hard\libc_nano.a(libc_a-stdio.o)
                0x0800869a                __sclose
 .text.__swbuf_r
                0x080086a2       0x7c C:/ST/STM32CubeIDE_1.19.0/STM32CubeIDE/plugins/com.st.stm32cube.ide.mcu.externaltools.gnu-tools-for-stm32.13.3.rel1.win32_1.0.0.202411081344/tools/bin/../lib/gcc/arm-none-eabi/13.3.1/../../../../arm-none-eabi/lib/thumb/v7e-m+fp/hard\libc_nano.a(libc_a-wbuf.o)
                0x080086a2                __swbuf_r
 *fill*         0x0800871e        0x2 
 .text.__swsetup_r
                0x08008720       0xac C:/ST/STM32CubeIDE_1.19.0/STM32CubeIDE/plugins/com.st.stm32cube.ide.mcu.externaltools.gnu-tools-for-stm32.13.3.rel1.win32_1.0.0.202411081344/tools/bin/../lib/gcc/arm-none-eabi/13.3.1/../../../../arm-none-eabi/lib/thumb/v7e-m+fp/hard\libc_nano.a(libc_a-wsetup.o)
                0x08008720                __swsetup_r
 .text.memset   0x080087cc       0x10 C:/ST/STM32CubeIDE_1.19.0/STM32CubeIDE/plugins/com.st.stm32cube.ide.mcu.externaltools.gnu-tools-for-stm32.13.3.rel1.win32_1.0.0.202411081344/tools/bin/../lib/gcc/arm-none-eabi/13.3.1/../../../../arm-none-eabi/lib/thumb/v7e-m+fp/hard\libc_nano.a(libc_a-memset.o)
                0x080087cc                memset
 .text._close_r
                0x080087dc       0x20 C:/ST/STM32CubeIDE_1.19.0/STM32CubeIDE/plugins/com.st.stm32cube.ide.mcu.externaltools.gnu-tools-for-stm32.13.3.rel1.win32_1.0.0.202411081344/tools/bin/../lib/gcc/arm-none-eabi/13.3.1/../../../../arm-none-eabi/lib/thumb/v7e-m+fp/hard\libc_nano.a(libc_a-closer.o)
                0x080087dc                _close_r
 .text._reclaim_reent
                0x080087fc       0xbc C:/ST/STM32CubeIDE_1.19.0/STM32CubeIDE/plugins/com.st.stm32cube.ide.mcu.externaltools.gnu-tools-for-stm32.13.3.rel1.win32_1.0.0.202411081344/tools/bin/../lib/gcc/arm-none-eabi/13.3.1/../../../../arm-none-eabi/lib/thumb/v7e-m+fp/hard\libc_nano.a(libc_a-reent.o)
                0x080087fc                _reclaim_reent
 .text._lseek_r
                0x080088b8       0x24 C:/ST/STM32CubeIDE_1.19.0/STM32CubeIDE/plugins/com.st.stm32cube.ide.mcu.externaltools.gnu-tools-for-stm32.13.3.rel1.win32_1.0.0.202411081344/tools/bin/../lib/gcc/arm-none-eabi/13.3.1/../../../../arm-none-eabi/lib/thumb/v7e-m+fp/hard\libc_nano.a(libc_a-lseekr.o)
                0x080088b8                _lseek_r
 .text._read_r  0x080088dc       0x24 C:/ST/STM32CubeIDE_1.19.0/STM32CubeIDE/plugins/com.st.stm32cube.ide.mcu.externaltools.gnu-tools-for-stm32.13.3.rel1.win32_1.0.0.202411081344/tools/bin/../lib/gcc/arm-none-eabi/13.3.1/../../../../arm-none-eabi/lib/thumb/v7e-m+fp/hard\libc_nano.a(libc_a-readr.o)
                0x080088dc                _read_r
 .text._write_r
                0x08008900       0x24 C:/ST/STM32CubeIDE_1.19.0/STM32CubeIDE/plugins/com.st.stm32cube.ide.mcu.externaltools.gnu-tools-for-stm32.13.3.rel1.win32_1.0.0.202411081344/tools/bin/../lib/gcc/arm-none-eabi/13.3.1/../../../../arm-none-eabi/lib/thumb/v7e-m+fp/hard\libc_nano.a(libc_a-writer.o)
                0x08008900                _write_r
 .text.__errno  0x08008924        0xc C:/ST/STM32CubeIDE_1.19.0/STM32CubeIDE/plugins/com.st.stm32cube.ide.mcu.externaltools.gnu-tools-for-stm32.13.3.rel1.win32_1.0.0.202411081344/tools/bin/../lib/gcc/arm-none-eabi/13.3.1/../../../../arm-none-eabi/lib/thumb/v7e-m+fp/hard\libc_nano.a(libc_a-errno.o)
                0x08008924                __errno
 .text.__libc_init_array
                0x08008930       0x48 C:/ST/STM32CubeIDE_1.19.0/STM32CubeIDE/plugins/com.st.stm32cube.ide.mcu.externaltools.gnu-tools-for-stm32.13.3.rel1.win32_1.0.0.202411081344/tools/bin/../lib/gcc/arm-none-eabi/13.3.1/../../../../arm-none-eabi/lib/thumb/v7e-m+fp/hard\libc_nano.a(libc_a-init.o)
                0x08008930                __libc_init_array
 .text.__retarget_lock_init_recursive
                0x08008978        0x2 C:/ST/STM32CubeIDE_1.19.0/STM32CubeIDE/plugins/com.st.stm32cube.ide.mcu.externaltools.gnu-tools-for-stm32.13.3.rel1.win32_1.0.0.202411081344/tools/bin/../lib/gcc/arm-none-eabi/13.3.1/../../../../arm-none-eabi/lib/thumb/v7e-m+fp/hard\libc_nano.a(libc_a-lock.o)
                0x08008978                __retarget_lock_init_recursive
 .text.__retarget_lock_acquire_recursive
                0x0800897a        0x2 C:/ST/STM32CubeIDE_1.19.0/STM32CubeIDE/plugins/com.st.stm32cube.ide.mcu.externaltools.gnu-tools-for-stm32.13.3.rel1.win32_1.0.0.202411081344/tools/bin/../lib/gcc/arm-none-eabi/13.3.1/../../../../arm-none-eabi/lib/thumb/v7e-m+fp/hard\libc_nano.a(libc_a-lock.o)
                0x0800897a                __retarget_lock_acquire_recursive
 .text.__retarget_lock_release_recursive
                0x0800897c        0x2 C:/ST/STM32CubeIDE_1.19.0/STM32CubeIDE/plugins/com.st.stm32cube.ide.mcu.externaltools.gnu-tools-for-stm32.13.3.rel1.win32_1.0.0.202411081344/tools/bin/../lib/gcc/arm-none-eabi/13.3.1/../../../../arm-none-eabi/lib/thumb/v7e-m+fp/hard\libc_nano.a(libc_a-lock.o)
                0x0800897c                __retarget_lock_release_recursive
 .text.memcpy   0x0800897e       0x1c C:/ST/STM32CubeIDE_1.19.0/STM32CubeIDE/plugins/com.st.stm32cube.ide.mcu.externaltools.gnu-tools-for-stm32.13.3.rel1.win32_1.0.0.202411081344/tools/bin/../lib/gcc/arm-none-eabi/13.3.1/../../../../arm-none-eabi/lib/thumb/v7e-m+fp/hard\libc_nano.a(libc_a-memcpy-stub.o)
                0x0800897e                memcpy
 *fill*         0x0800899a        0x2 
 .text._free_r  0x0800899c       0x94 C:/ST/STM32CubeIDE_1.19.0/STM32CubeIDE/plugins/com.st.stm32cube.ide.mcu.externaltools.gnu-tools-for-stm32.13.3.rel1.win32_1.0.0.202411081344/tools/bin/../lib/gcc/arm-none-eabi/13.3.1/../../../../arm-none-eabi/lib/thumb/v7e-m+fp/hard\libc_nano.a(libc_a-freer.o)
                0x0800899c                _free_r
 .text.sbrk_aligned
                0x08008a30       0x44 C:/ST/STM32CubeIDE_1.19.0/STM32CubeIDE/plugins/com.st.stm32cube.ide.mcu.externaltools.gnu-tools-for-stm32.13.3.rel1.win32_1.0.0.202411081344/tools/bin/../lib/gcc/arm-none-eabi/13.3.1/../../../../arm-none-eabi/lib/thumb/v7e-m+fp/hard\libc_nano.a(libc_a-mallocr.o)
 .text._malloc_r
                0x08008a74      0x100 C:/ST/STM32CubeIDE_1.19.0/STM32CubeIDE/plugins/com.st.stm32cube.ide.mcu.externaltools.gnu-tools-for-stm32.13.3.rel1.win32_1.0.0.202411081344/tools/bin/../lib/gcc/arm-none-eabi/13.3.1/../../../../arm-none-eabi/lib/thumb/v7e-m+fp/hard\libc_nano.a(libc_a-mallocr.o)
                0x08008a74                _malloc_r
 .text.__malloc_lock
                0x08008b74        0xc C:/ST/STM32CubeIDE_1.19.0/STM32CubeIDE/plugins/com.st.stm32cube.ide.mcu.externaltools.gnu-tools-for-stm32.13.3.rel1.win32_1.0.0.202411081344/tools/bin/../lib/gcc/arm-none-eabi/13.3.1/../../../../arm-none-eabi/lib/thumb/v7e-m+fp/hard\libc_nano.a(libc_a-mlock.o)
                0x08008b74                __malloc_lock
 .text.__malloc_unlock
                0x08008b80        0xc C:/ST/STM32CubeIDE_1.19.0/STM32CubeIDE/plugins/com.st.stm32cube.ide.mcu.externaltools.gnu-tools-for-stm32.13.3.rel1.win32_1.0.0.202411081344/tools/bin/../lib/gcc/arm-none-eabi/13.3.1/../../../../arm-none-eabi/lib/thumb/v7e-m+fp/hard\libc_nano.a(libc_a-mlock.o)
                0x08008b80                __malloc_unlock
 .text.__sfputc_r
                0x08008b8c       0x2e C:/ST/STM32CubeIDE_1.19.0/STM32CubeIDE/plugins/com.st.stm32cube.ide.mcu.externaltools.gnu-tools-for-stm32.13.3.rel1.win32_1.0.0.202411081344/tools/bin/../lib/gcc/arm-none-eabi/13.3.1/../../../../arm-none-eabi/lib/thumb/v7e-m+fp/hard\libc_nano.a(libc_a-nano-vfprintf.o)
 .text.__sfputs_r
                0x08008bba       0x24 C:/ST/STM32CubeIDE_1.19.0/STM32CubeIDE/plugins/com.st.stm32cube.ide.mcu.externaltools.gnu-tools-for-stm32.13.3.rel1.win32_1.0.0.202411081344/tools/bin/../lib/gcc/arm-none-eabi/13.3.1/../../../../arm-none-eabi/lib/thumb/v7e-m+fp/hard\libc_nano.a(libc_a-nano-vfprintf.o)
                0x08008bba                __sfputs_r
 *fill*         0x08008bde        0x2 
 .text._vfprintf_r
                0x08008be0      0x230 C:/ST/STM32CubeIDE_1.19.0/STM32CubeIDE/plugins/com.st.stm32cube.ide.mcu.externaltools.gnu-tools-for-stm32.13.3.rel1.win32_1.0.0.202411081344/tools/bin/../lib/gcc/arm-none-eabi/13.3.1/../../../../arm-none-eabi/lib/thumb/v7e-m+fp/hard\libc_nano.a(libc_a-nano-vfprintf.o)
                0x08008be0                _vfprintf_r
                0x08008be0                _vfiprintf_r
 .text._printf_common
                0x08008e10       0xda C:/ST/STM32CubeIDE_1.19.0/STM32CubeIDE/plugins/com.st.stm32cube.ide.mcu.externaltools.gnu-tools-for-stm32.13.3.rel1.win32_1.0.0.202411081344/tools/bin/../lib/gcc/arm-none-eabi/13.3.1/../../../../arm-none-eabi/lib/thumb/v7e-m+fp/hard\libc_nano.a(libc_a-nano-vfprintf_i.o)
                0x08008e10                _printf_common
 *fill*         0x08008eea        0x2 
 .text._printf_i
                0x08008eec      0x23c C:/ST/STM32CubeIDE_1.19.0/STM32CubeIDE/plugins/com.st.stm32cube.ide.mcu.externaltools.gnu-tools-for-stm32.13.3.rel1.win32_1.0.0.202411081344/tools/bin/../lib/gcc/arm-none-eabi/13.3.1/../../../../arm-none-eabi/lib/thumb/v7e-m+fp/hard\libc_nano.a(libc_a-nano-vfprintf_i.o)
                0x08008eec                _printf_i
 .text.__sflush_r
                0x08009128      0x108 C:/ST/STM32CubeIDE_1.19.0/STM32CubeIDE/plugins/com.st.stm32cube.ide.mcu.externaltools.gnu-tools-for-stm32.13.3.rel1.win32_1.0.0.202411081344/tools/bin/../lib/gcc/arm-none-eabi/13.3.1/../../../../arm-none-eabi/lib/thumb/v7e-m+fp/hard\libc_nano.a(libc_a-fflush.o)
                0x08009128                __sflush_r
 .text._fflush_r
                0x08009230       0x50 C:/ST/STM32CubeIDE_1.19.0/STM32CubeIDE/plugins/com.st.stm32cube.ide.mcu.externaltools.gnu-tools-for-stm32.13.3.rel1.win32_1.0.0.202411081344/tools/bin/../lib/gcc/arm-none-eabi/13.3.1/../../../../arm-none-eabi/lib/thumb/v7e-m+fp/hard\libc_nano.a(libc_a-fflush.o)
                0x08009230                _fflush_r
 .text.__swhatbuf_r
                0x08009280       0x4c C:/ST/STM32CubeIDE_1.19.0/STM32CubeIDE/plugins/com.st.stm32cube.ide.mcu.externaltools.gnu-tools-for-stm32.13.3.rel1.win32_1.0.0.202411081344/tools/bin/../lib/gcc/arm-none-eabi/13.3.1/../../../../arm-none-eabi/lib/thumb/v7e-m+fp/hard\libc_nano.a(libc_a-makebuf.o)
                0x08009280                __swhatbuf_r
 .text.__smakebuf_r
                0x080092cc       0x78 C:/ST/STM32CubeIDE_1.19.0/STM32CubeIDE/plugins/com.st.stm32cube.ide.mcu.externaltools.gnu-tools-for-stm32.13.3.rel1.win32_1.0.0.202411081344/tools/bin/../lib/gcc/arm-none-eabi/13.3.1/../../../../arm-none-eabi/lib/thumb/v7e-m+fp/hard\libc_nano.a(libc_a-makebuf.o)
                0x080092cc                __smakebuf_r
 .text._fstat_r
                0x08009344       0x24 C:/ST/STM32CubeIDE_1.19.0/STM32CubeIDE/plugins/com.st.stm32cube.ide.mcu.externaltools.gnu-tools-for-stm32.13.3.rel1.win32_1.0.0.202411081344/tools/bin/../lib/gcc/arm-none-eabi/13.3.1/../../../../arm-none-eabi/lib/thumb/v7e-m+fp/hard\libc_nano.a(libc_a-fstatr.o)
                0x08009344                _fstat_r
 .text._isatty_r
                0x08009368       0x20 C:/ST/STM32CubeIDE_1.19.0/STM32CubeIDE/plugins/com.st.stm32cube.ide.mcu.externaltools.gnu-tools-for-stm32.13.3.rel1.win32_1.0.0.202411081344/tools/bin/../lib/gcc/arm-none-eabi/13.3.1/../../../../arm-none-eabi/lib/thumb/v7e-m+fp/hard\libc_nano.a(libc_a-isattyr.o)
                0x08009368                _isatty_r
 .text._sbrk_r  0x08009388       0x20 C:/ST/STM32CubeIDE_1.19.0/STM32CubeIDE/plugins/com.st.stm32cube.ide.mcu.externaltools.gnu-tools-for-stm32.13.3.rel1.win32_1.0.0.202411081344/tools/bin/../lib/gcc/arm-none-eabi/13.3.1/../../../../arm-none-eabi/lib/thumb/v7e-m+fp/hard\libc_nano.a(libc_a-sbrkr.o)
                0x08009388                _sbrk_r
 *(.glue_7)
 .glue_7        0x080093a8        0x0 linker stubs
 *(.glue_7t)
 .glue_7t       0x080093a8        0x0 linker stubs
 *(.eh_frame)
 .eh_frame      0x080093a8        0x0 C:/ST/STM32CubeIDE_1.19.0/STM32CubeIDE/plugins/com.st.stm32cube.ide.mcu.externaltools.gnu-tools-for-stm32.13.3.rel1.win32_1.0.0.202411081344/tools/bin/../lib/gcc/arm-none-eabi/13.3.1/thumb/v7e-m+fp/hard/crtbegin.o
 *(.init)
 .init          0x080093a8        0x4 C:/ST/STM32CubeIDE_1.19.0/STM32CubeIDE/plugins/com.st.stm32cube.ide.mcu.externaltools.gnu-tools-for-stm32.13.3.rel1.win32_1.0.0.202411081344/tools/bin/../lib/gcc/arm-none-eabi/13.3.1/thumb/v7e-m+fp/hard/crti.o
                0x080093a8                _init
 .init          0x080093ac        0x8 C:/ST/STM32CubeIDE_1.19.0/STM32CubeIDE/plugins/com.st.stm32cube.ide.mcu.externaltools.gnu-tools-for-stm32.13.3.rel1.win32_1.0.0.202411081344/tools/bin/../lib/gcc/arm-none-eabi/13.3.1/thumb/v7e-m+fp/hard/crtn.o
 *(.fini)
 .fini          0x080093b4        0x4 C:/ST/STM32CubeIDE_1.19.0/STM32CubeIDE/plugins/com.st.stm32cube.ide.mcu.externaltools.gnu-tools-for-stm32.13.3.rel1.win32_1.0.0.202411081344/tools/bin/../lib/gcc/arm-none-eabi/13.3.1/thumb/v7e-m+fp/hard/crti.o
                0x080093b4                _fini
 .fini          0x080093b8        0x8 C:/ST/STM32CubeIDE_1.19.0/STM32CubeIDE/plugins/com.st.stm32cube.ide.mcu.externaltools.gnu-tools-for-stm32.13.3.rel1.win32_1.0.0.202411081344/tools/bin/../lib/gcc/arm-none-eabi/13.3.1/thumb/v7e-m+fp/hard/crtn.o
                0x080093c0                        . = ALIGN (0x4)
                0x080093c0                        _etext = .

.vfp11_veneer   0x080093c0        0x0
 .vfp11_veneer  0x080093c0        0x0 linker stubs

.v4_bx          0x080093c0        0x0
 .v4_bx         0x080093c0        0x0 linker stubs

.iplt           0x080093c0        0x0
 .iplt          0x080093c0        0x0 C:/ST/STM32CubeIDE_1.19.0/STM32CubeIDE/plugins/com.st.stm32cube.ide.mcu.externaltools.gnu-tools-for-stm32.13.3.rel1.win32_1.0.0.202411081344/tools/bin/../lib/gcc/arm-none-eabi/13.3.1/thumb/v7e-m+fp/hard/crtbegin.o

.rodata         0x080093c0      0xbf4
                0x080093c0                        . = ALIGN (0x4)
 *(.rodata)
 .rodata        0x080093c0      0x88f ./Core/Src/can2_demo.o
 *fill*         0x08009c4f        0x1 
 .rodata        0x08009c50       0x9b ./Core/Src/can_dual_node.o
 *fill*         0x08009ceb        0x1 
 .rodata        0x08009cec      0x162 ./Core/Src/can_loop_test.o
 *fill*         0x08009e4e        0x2 
 .rodata        0x08009e50       0x32 ./Core/Src/main.o
 *fill*         0x08009e82        0x2 
 .rodata        0x08009e84       0x45 ./Core/Src/stm32f4xx_hal_msp.o
 *fill*         0x08009ec9        0x3 
 .rodata        0x08009ecc        0x5 ./Middlewares/Third_Party/FreeRTOS/Source/tasks.o
 *fill*         0x08009ed1        0x3 
 .rodata        0x08009ed4        0xd ./Middlewares/Third_Party/FreeRTOS/Source/timers.o
 *(.rodata*)
 *fill*         0x08009ee1        0x3 
 .rodata.defaultTask_attributes
                0x08009ee4       0x24 ./Core/Src/main.o
                0x08009ee4                defaultTask_attributes
 .rodata.CANSendTask_attributes
                0x08009f08       0x24 ./Core/Src/main.o
                0x08009f08                CANSendTask_attributes
 .rodata.CANReceiveTask_attributes
                0x08009f2c       0x24 ./Core/Src/main.o
                0x08009f2c                CANReceiveTask_attributes
 .rodata.myQueue01_attributes
                0x08009f50       0x18 ./Core/Src/main.o
                0x08009f50                myQueue01_attributes
 .rodata.AHBPrescTable
                0x08009f68       0x10 ./Core/Src/system_stm32f4xx.o
                0x08009f68                AHBPrescTable
 .rodata.APBPrescTable
                0x08009f78        0x8 ./Core/Src/system_stm32f4xx.o
                0x08009f78                APBPrescTable
 .rodata._vfprintf_r.str1.1
                0x08009f80       0x33 C:/ST/STM32CubeIDE_1.19.0/STM32CubeIDE/plugins/com.st.stm32cube.ide.mcu.externaltools.gnu-tools-for-stm32.13.3.rel1.win32_1.0.0.202411081344/tools/bin/../lib/gcc/arm-none-eabi/13.3.1/../../../../arm-none-eabi/lib/thumb/v7e-m+fp/hard\libc_nano.a(libc_a-nano-vfprintf.o)
                                 0x11 (size before relaxing)
 .rodata._printf_i.str1.1
                0x08009fb3       0x22 C:/ST/STM32CubeIDE_1.19.0/STM32CubeIDE/plugins/com.st.stm32cube.ide.mcu.externaltools.gnu-tools-for-stm32.13.3.rel1.win32_1.0.0.202411081344/tools/bin/../lib/gcc/arm-none-eabi/13.3.1/../../../../arm-none-eabi/lib/thumb/v7e-m+fp/hard\libc_nano.a(libc_a-nano-vfprintf_i.o)
                0x08009fd8                        . = ALIGN (0x4)
 *fill*         0x08009fb3        0x1 

.ARM.extab      0x08009fb4        0x0
                0x08009fb4                        . = ALIGN (0x4)
 *(.ARM.extab* .gnu.linkonce.armextab.*)
                0x08009fb4                        . = ALIGN (0x4)

.ARM            0x08009fb4        0x8
                0x08009fb4                        . = ALIGN (0x4)
                0x08009fb4                        __exidx_start = .
 *(.ARM.exidx*)
 .ARM.exidx     0x08009fb4        0x8 C:/ST/STM32CubeIDE_1.19.0/STM32CubeIDE/plugins/com.st.stm32cube.ide.mcu.externaltools.gnu-tools-for-stm32.13.3.rel1.win32_1.0.0.202411081344/tools/bin/../lib/gcc/arm-none-eabi/13.3.1/../../../../arm-none-eabi/lib/thumb/v7e-m+fp/hard\libc_nano.a(libc_a-memchr.o)
 .ARM.exidx     0x08009fbc        0x0 C:/ST/STM32CubeIDE_1.19.0/STM32CubeIDE/plugins/com.st.stm32cube.ide.mcu.externaltools.gnu-tools-for-stm32.13.3.rel1.win32_1.0.0.202411081344/tools/bin/../lib/gcc/arm-none-eabi/13.3.1/thumb/v7e-m+fp/hard\libgcc.a(_udivmoddi4.o)
                                  0x8 (size before relaxing)
                0x08009fbc                        __exidx_end = .
                0x08009fbc                        . = ALIGN (0x4)

.preinit_array  0x08009fbc        0x0
                0x08009fbc                        . = ALIGN (0x4)
                0x08009fbc                        PROVIDE (__preinit_array_start = .)
 *(.preinit_array*)
                0x08009fbc                        PROVIDE (__preinit_array_end = .)
                0x08009fbc                        . = ALIGN (0x4)

.init_array     0x08009fbc        0x4
                0x08009fbc                        . = ALIGN (0x4)
                0x08009fbc                        PROVIDE (__init_array_start = .)
 *(SORT_BY_NAME(.init_array.*))
 *(.init_array*)
 .init_array    0x08009fbc        0x4 C:/ST/STM32CubeIDE_1.19.0/STM32CubeIDE/plugins/com.st.stm32cube.ide.mcu.externaltools.gnu-tools-for-stm32.13.3.rel1.win32_1.0.0.202411081344/tools/bin/../lib/gcc/arm-none-eabi/13.3.1/thumb/v7e-m+fp/hard/crtbegin.o
                0x08009fc0                        PROVIDE (__init_array_end = .)
                0x08009fc0                        . = ALIGN (0x4)

.fini_array     0x08009fc0        0x4
                0x08009fc0                        . = ALIGN (0x4)
                [!provide]                        PROVIDE (__fini_array_start = .)
 *(SORT_BY_NAME(.fini_array.*))
 *(.fini_array*)
 .fini_array    0x08009fc0        0x4 C:/ST/STM32CubeIDE_1.19.0/STM32CubeIDE/plugins/com.st.stm32cube.ide.mcu.externaltools.gnu-tools-for-stm32.13.3.rel1.win32_1.0.0.202411081344/tools/bin/../lib/gcc/arm-none-eabi/13.3.1/thumb/v7e-m+fp/hard/crtbegin.o
                [!provide]                        PROVIDE (__fini_array_end = .)
                0x08009fc4                        . = ALIGN (0x4)
                0x08009fc4                        _sidata = LOADADDR (.data)

.rel.dyn        0x08009fc4        0x0
 .rel.iplt      0x08009fc4        0x0 C:/ST/STM32CubeIDE_1.19.0/STM32CubeIDE/plugins/com.st.stm32cube.ide.mcu.externaltools.gnu-tools-for-stm32.13.3.rel1.win32_1.0.0.202411081344/tools/bin/../lib/gcc/arm-none-eabi/13.3.1/thumb/v7e-m+fp/hard/crtbegin.o

.data           0x20000000       0x6c load address 0x08009fc4
                0x20000000                        . = ALIGN (0x4)
                0x20000000                        _sdata = .
 *(.data)
 *(.data*)
 .data.SystemCoreClock
                0x20000000        0x4 ./Core/Src/system_stm32f4xx.o
                0x20000000                SystemCoreClock
 .data.uwTickPrio
                0x20000004        0x4 ./Drivers/STM32F4xx_HAL_Driver/Src/stm32f4xx_hal.o
                0x20000004                uwTickPrio
 .data.uwTickFreq
                0x20000008        0x1 ./Drivers/STM32F4xx_HAL_Driver/Src/stm32f4xx_hal.o
                0x20000008                uwTickFreq
 *fill*         0x20000009        0x3 
 .data.uxCriticalNesting
                0x2000000c        0x4 ./Middlewares/Third_Party/FreeRTOS/Source/portable/GCC/ARM_CM4F/port.o
 .data.__sglue  0x20000010        0xc C:/ST/STM32CubeIDE_1.19.0/STM32CubeIDE/plugins/com.st.stm32cube.ide.mcu.externaltools.gnu-tools-for-stm32.13.3.rel1.win32_1.0.0.202411081344/tools/bin/../lib/gcc/arm-none-eabi/13.3.1/../../../../arm-none-eabi/lib/thumb/v7e-m+fp/hard\libc_nano.a(libc_a-findfp.o)
                0x20000010                __sglue
 .data._impure_ptr
                0x2000001c        0x4 C:/ST/STM32CubeIDE_1.19.0/STM32CubeIDE/plugins/com.st.stm32cube.ide.mcu.externaltools.gnu-tools-for-stm32.13.3.rel1.win32_1.0.0.202411081344/tools/bin/../lib/gcc/arm-none-eabi/13.3.1/../../../../arm-none-eabi/lib/thumb/v7e-m+fp/hard\libc_nano.a(libc_a-impure.o)
                0x2000001c                _impure_ptr
 .data._impure_data
                0x20000020       0x4c C:/ST/STM32CubeIDE_1.19.0/STM32CubeIDE/plugins/com.st.stm32cube.ide.mcu.externaltools.gnu-tools-for-stm32.13.3.rel1.win32_1.0.0.202411081344/tools/bin/../lib/gcc/arm-none-eabi/13.3.1/../../../../arm-none-eabi/lib/thumb/v7e-m+fp/hard\libc_nano.a(libc_a-impure.o)
                0x20000020                _impure_data
 *(.RamFunc)
 *(.RamFunc*)
                0x2000006c                        . = ALIGN (0x4)
                0x2000006c                        _edata = .
                0x0800a030                        _siccmram = LOADADDR (.ccmram)

.igot.plt       0x2000006c        0x0 load address 0x0800a030
 .igot.plt      0x2000006c        0x0 C:/ST/STM32CubeIDE_1.19.0/STM32CubeIDE/plugins/com.st.stm32cube.ide.mcu.externaltools.gnu-tools-for-stm32.13.3.rel1.win32_1.0.0.202411081344/tools/bin/../lib/gcc/arm-none-eabi/13.3.1/thumb/v7e-m+fp/hard/crtbegin.o

.ccmram         0x10000000        0x0 load address 0x0800a030
                0x10000000                        . = ALIGN (0x4)
                0x10000000                        _sccmram = .
 *(.ccmram)
 *(.ccmram*)
                0x10000000                        . = ALIGN (0x4)
                0x10000000                        _eccmram = .
                0x10000000                        . = ALIGN (0x4)

.bss            0x2000006c     0x4dcc
                0x2000006c                        _sbss = .
                0x2000006c                        __bss_start__ = _sbss
 *(.bss)
 .bss           0x2000006c       0x1c C:/ST/STM32CubeIDE_1.19.0/STM32CubeIDE/plugins/com.st.stm32cube.ide.mcu.externaltools.gnu-tools-for-stm32.13.3.rel1.win32_1.0.0.202411081344/tools/bin/../lib/gcc/arm-none-eabi/13.3.1/thumb/v7e-m+fp/hard/crtbegin.o
 *(.bss*)
 .bss.hcan1     0x20000088       0x28 ./Core/Src/can.o
                0x20000088                hcan1
 .bss.hcan2     0x200000b0       0x28 ./Core/Src/can.o
                0x200000b0                hcan2
 .bss.can2_stats
                0x200000d8       0x40 ./Core/Src/can2_demo.o
 .bss.can2_filter_config
                0x20000118       0x28 ./Core/Src/can2_demo.o
 .bss.TxHeader  0x20000140       0x18 ./Core/Src/can_dual_node.o
 .bss.RxHeader  0x20000158       0x1c ./Core/Src/can_dual_node.o
 .bss.TxData    0x20000174        0x8 ./Core/Src/can_dual_node.o
 .bss.RxData    0x2000017c        0x8 ./Core/Src/can_dual_node.o
 .bss.TxMailbox
                0x20000184        0x4 ./Core/Src/can_dual_node.o
 .bss.can_stats
                0x20000188       0x20 ./Core/Src/can_dual_node.o
 .bss.wcmcu_status
                0x200001a8        0x1 ./Core/Src/can_dual_node.o
 *fill*         0x200001a9        0x3 
 .bss.last_heartbeat_time
                0x200001ac        0x4 ./Core/Src/can_dual_node.o
 .bss.last_send_time
                0x200001b0        0x4 ./Core/Src/can_dual_node.o
 .bss.heartbeat_counter
                0x200001b4        0x4 ./Core/Src/can_dual_node.o
 .bss.data_request_counter
                0x200001b8        0x4 ./Core/Src/can_dual_node.o
 .bss.status_counter
                0x200001bc        0x4 ./Core/Src/can_dual_node.o
 .bss.last_send_time
                0x200001c0        0x4 ./Core/Src/can_loop_test.o
 .bss.last_receive_time
                0x200001c4        0x4 ./Core/Src/can_loop_test.o
 .bss.waiting_for_response
                0x200001c8        0x1 ./Core/Src/can_loop_test.o
 *fill*         0x200001c9        0x3 
 .bss.total_loops
                0x200001cc        0x4 ./Core/Src/can_loop_test.o
 .bss.successful_loops
                0x200001d0        0x4 ./Core/Src/can_loop_test.o
 .bss.heartbeat_counter
                0x200001d4        0x4 ./Core/Src/can_simple_demo.o
 .bss.data_counter
                0x200001d8        0x4 ./Core/Src/can_simple_demo.o
 .bss.status_counter
                0x200001dc        0x4 ./Core/Src/can_simple_demo.o
 .bss.control_counter
                0x200001e0        0x4 ./Core/Src/can_simple_demo.o
 .bss.debug_counter
                0x200001e4        0x4 ./Core/Src/can_simple_demo.o
 .bss.last_heartbeat_time
                0x200001e8        0x4 ./Core/Src/can_simple_demo.o
 .bss.last_data_time
                0x200001ec        0x4 ./Core/Src/can_simple_demo.o
 .bss.last_status_time
                0x200001f0        0x4 ./Core/Src/can_simple_demo.o
 .bss.last_control_time
                0x200001f4        0x4 ./Core/Src/can_simple_demo.o
 .bss.last_debug_time
                0x200001f8        0x4 ./Core/Src/can_simple_demo.o
 .bss.demo_initialized
                0x200001fc        0x1 ./Core/Src/can_simple_demo.o
 *fill*         0x200001fd        0x3 
 .bss.hspi1     0x20000200       0x58 ./Core/Src/main.o
                0x20000200                hspi1
 .bss.defaultTaskHandle
                0x20000258        0x4 ./Core/Src/main.o
                0x20000258                defaultTaskHandle
 .bss.CANSendTaskHandle
                0x2000025c        0x4 ./Core/Src/main.o
                0x2000025c                CANSendTaskHandle
 .bss.CANReceiveTaskHandle
                0x20000260        0x4 ./Core/Src/main.o
                0x20000260                CANReceiveTaskHandle
 .bss.myQueue01Handle
                0x20000264        0x4 ./Core/Src/main.o
                0x20000264                myQueue01Handle
 .bss.HAL_RCC_CAN1_CLK_ENABLED
                0x20000268        0x4 ./Core/Src/stm32f4xx_hal_msp.o
 .bss.htim1     0x2000026c       0x48 ./Core/Src/stm32f4xx_hal_timebase_tim.o
                0x2000026c                htim1
 .bss.__sbrk_heap_end
                0x200002b4        0x4 ./Core/Src/sysmem.o
 .bss.huart2    0x200002b8       0x48 ./Core/Src/usart.o
                0x200002b8                huart2
 .bss.uwTick    0x20000300        0x4 ./Drivers/STM32F4xx_HAL_Driver/Src/stm32f4xx_hal.o
                0x20000300                uwTick
 .bss.KernelState
                0x20000304        0x4 ./Middlewares/Third_Party/FreeRTOS/Source/CMSIS_RTOS_V2/cmsis_os2.o
 .bss.Idle_TCB.3
                0x20000308       0xa8 ./Middlewares/Third_Party/FreeRTOS/Source/CMSIS_RTOS_V2/cmsis_os2.o
 .bss.Idle_Stack.2
                0x200003b0      0x200 ./Middlewares/Third_Party/FreeRTOS/Source/CMSIS_RTOS_V2/cmsis_os2.o
 .bss.Timer_TCB.1
                0x200005b0       0xa8 ./Middlewares/Third_Party/FreeRTOS/Source/CMSIS_RTOS_V2/cmsis_os2.o
 .bss.Timer_Stack.0
                0x20000658      0x400 ./Middlewares/Third_Party/FreeRTOS/Source/CMSIS_RTOS_V2/cmsis_os2.o
 .bss.xQueueRegistry
                0x20000a58       0x40 ./Middlewares/Third_Party/FreeRTOS/Source/queue.o
                0x20000a58                xQueueRegistry
 .bss.pxCurrentTCB
                0x20000a98        0x4 ./Middlewares/Third_Party/FreeRTOS/Source/tasks.o
                0x20000a98                pxCurrentTCB
 .bss.pxReadyTasksLists
                0x20000a9c      0x460 ./Middlewares/Third_Party/FreeRTOS/Source/tasks.o
 .bss.xDelayedTaskList1
                0x20000efc       0x14 ./Middlewares/Third_Party/FreeRTOS/Source/tasks.o
 .bss.xDelayedTaskList2
                0x20000f10       0x14 ./Middlewares/Third_Party/FreeRTOS/Source/tasks.o
 .bss.pxDelayedTaskList
                0x20000f24        0x4 ./Middlewares/Third_Party/FreeRTOS/Source/tasks.o
 .bss.pxOverflowDelayedTaskList
                0x20000f28        0x4 ./Middlewares/Third_Party/FreeRTOS/Source/tasks.o
 .bss.xPendingReadyList
                0x20000f2c       0x14 ./Middlewares/Third_Party/FreeRTOS/Source/tasks.o
 .bss.xTasksWaitingTermination
                0x20000f40       0x14 ./Middlewares/Third_Party/FreeRTOS/Source/tasks.o
 .bss.uxDeletedTasksWaitingCleanUp
                0x20000f54        0x4 ./Middlewares/Third_Party/FreeRTOS/Source/tasks.o
 .bss.xSuspendedTaskList
                0x20000f58       0x14 ./Middlewares/Third_Party/FreeRTOS/Source/tasks.o
 .bss.uxCurrentNumberOfTasks
                0x20000f6c        0x4 ./Middlewares/Third_Party/FreeRTOS/Source/tasks.o
 .bss.xTickCount
                0x20000f70        0x4 ./Middlewares/Third_Party/FreeRTOS/Source/tasks.o
 .bss.uxTopReadyPriority
                0x20000f74        0x4 ./Middlewares/Third_Party/FreeRTOS/Source/tasks.o
 .bss.xSchedulerRunning
                0x20000f78        0x4 ./Middlewares/Third_Party/FreeRTOS/Source/tasks.o
 .bss.xPendedTicks
                0x20000f7c        0x4 ./Middlewares/Third_Party/FreeRTOS/Source/tasks.o
 .bss.xYieldPending
                0x20000f80        0x4 ./Middlewares/Third_Party/FreeRTOS/Source/tasks.o
 .bss.xNumOfOverflows
                0x20000f84        0x4 ./Middlewares/Third_Party/FreeRTOS/Source/tasks.o
 .bss.uxTaskNumber
                0x20000f88        0x4 ./Middlewares/Third_Party/FreeRTOS/Source/tasks.o
 .bss.xNextTaskUnblockTime
                0x20000f8c        0x4 ./Middlewares/Third_Party/FreeRTOS/Source/tasks.o
 .bss.xIdleTaskHandle
                0x20000f90        0x4 ./Middlewares/Third_Party/FreeRTOS/Source/tasks.o
 .bss.uxSchedulerSuspended
                0x20000f94        0x4 ./Middlewares/Third_Party/FreeRTOS/Source/tasks.o
 .bss.xActiveTimerList1
                0x20000f98       0x14 ./Middlewares/Third_Party/FreeRTOS/Source/timers.o
 .bss.xActiveTimerList2
                0x20000fac       0x14 ./Middlewares/Third_Party/FreeRTOS/Source/timers.o
 .bss.pxCurrentTimerList
                0x20000fc0        0x4 ./Middlewares/Third_Party/FreeRTOS/Source/timers.o
 .bss.pxOverflowTimerList
                0x20000fc4        0x4 ./Middlewares/Third_Party/FreeRTOS/Source/timers.o
 .bss.xTimerQueue
                0x20000fc8        0x4 ./Middlewares/Third_Party/FreeRTOS/Source/timers.o
 .bss.xTimerTaskHandle
                0x20000fcc        0x4 ./Middlewares/Third_Party/FreeRTOS/Source/timers.o
 .bss.xLastTime.2
                0x20000fd0        0x4 ./Middlewares/Third_Party/FreeRTOS/Source/timers.o
 .bss.ucStaticTimerQueueStorage.1
                0x20000fd4       0xa0 ./Middlewares/Third_Party/FreeRTOS/Source/timers.o
 .bss.xStaticTimerQueue.0
                0x20001074       0x50 ./Middlewares/Third_Party/FreeRTOS/Source/timers.o
 .bss.ucMaxSysCallPriority
                0x200010c4        0x1 ./Middlewares/Third_Party/FreeRTOS/Source/portable/GCC/ARM_CM4F/port.o
 *fill*         0x200010c5        0x3 
 .bss.ulMaxPRIGROUPValue
                0x200010c8        0x4 ./Middlewares/Third_Party/FreeRTOS/Source/portable/GCC/ARM_CM4F/port.o
 .bss.ucHeap    0x200010cc     0x3c00 ./Middlewares/Third_Party/FreeRTOS/Source/portable/MemMang/heap_4.o
 .bss.xStart    0x20004ccc        0x8 ./Middlewares/Third_Party/FreeRTOS/Source/portable/MemMang/heap_4.o
 .bss.pxEnd     0x20004cd4        0x4 ./Middlewares/Third_Party/FreeRTOS/Source/portable/MemMang/heap_4.o
 .bss.xFreeBytesRemaining
                0x20004cd8        0x4 ./Middlewares/Third_Party/FreeRTOS/Source/portable/MemMang/heap_4.o
 .bss.xMinimumEverFreeBytesRemaining
                0x20004cdc        0x4 ./Middlewares/Third_Party/FreeRTOS/Source/portable/MemMang/heap_4.o
 .bss.xNumberOfSuccessfulAllocations
                0x20004ce0        0x4 ./Middlewares/Third_Party/FreeRTOS/Source/portable/MemMang/heap_4.o
 .bss.xNumberOfSuccessfulFrees
                0x20004ce4        0x4 ./Middlewares/Third_Party/FreeRTOS/Source/portable/MemMang/heap_4.o
 .bss.xBlockAllocatedBit
                0x20004ce8        0x4 ./Middlewares/Third_Party/FreeRTOS/Source/portable/MemMang/heap_4.o
 .bss.__sf      0x20004cec      0x138 C:/ST/STM32CubeIDE_1.19.0/STM32CubeIDE/plugins/com.st.stm32cube.ide.mcu.externaltools.gnu-tools-for-stm32.13.3.rel1.win32_1.0.0.202411081344/tools/bin/../lib/gcc/arm-none-eabi/13.3.1/../../../../arm-none-eabi/lib/thumb/v7e-m+fp/hard\libc_nano.a(libc_a-findfp.o)
                0x20004cec                __sf
 .bss.__stdio_exit_handler
                0x20004e24        0x4 C:/ST/STM32CubeIDE_1.19.0/STM32CubeIDE/plugins/com.st.stm32cube.ide.mcu.externaltools.gnu-tools-for-stm32.13.3.rel1.win32_1.0.0.202411081344/tools/bin/../lib/gcc/arm-none-eabi/13.3.1/../../../../arm-none-eabi/lib/thumb/v7e-m+fp/hard\libc_nano.a(libc_a-findfp.o)
                0x20004e24                __stdio_exit_handler
 .bss.errno     0x20004e28        0x4 C:/ST/STM32CubeIDE_1.19.0/STM32CubeIDE/plugins/com.st.stm32cube.ide.mcu.externaltools.gnu-tools-for-stm32.13.3.rel1.win32_1.0.0.202411081344/tools/bin/../lib/gcc/arm-none-eabi/13.3.1/../../../../arm-none-eabi/lib/thumb/v7e-m+fp/hard\libc_nano.a(libc_a-reent.o)
                0x20004e28                errno
 .bss.__lock___malloc_recursive_mutex
                0x20004e2c        0x1 C:/ST/STM32CubeIDE_1.19.0/STM32CubeIDE/plugins/com.st.stm32cube.ide.mcu.externaltools.gnu-tools-for-stm32.13.3.rel1.win32_1.0.0.202411081344/tools/bin/../lib/gcc/arm-none-eabi/13.3.1/../../../../arm-none-eabi/lib/thumb/v7e-m+fp/hard\libc_nano.a(libc_a-lock.o)
                0x20004e2c                __lock___malloc_recursive_mutex
 .bss.__lock___sfp_recursive_mutex
                0x20004e2d        0x1 C:/ST/STM32CubeIDE_1.19.0/STM32CubeIDE/plugins/com.st.stm32cube.ide.mcu.externaltools.gnu-tools-for-stm32.13.3.rel1.win32_1.0.0.202411081344/tools/bin/../lib/gcc/arm-none-eabi/13.3.1/../../../../arm-none-eabi/lib/thumb/v7e-m+fp/hard\libc_nano.a(libc_a-lock.o)
                0x20004e2d                __lock___sfp_recursive_mutex
 *fill*         0x20004e2e        0x2 
 .bss.__malloc_sbrk_start
                0x20004e30        0x4 C:/ST/STM32CubeIDE_1.19.0/STM32CubeIDE/plugins/com.st.stm32cube.ide.mcu.externaltools.gnu-tools-for-stm32.13.3.rel1.win32_1.0.0.202411081344/tools/bin/../lib/gcc/arm-none-eabi/13.3.1/../../../../arm-none-eabi/lib/thumb/v7e-m+fp/hard\libc_nano.a(libc_a-mallocr.o)
                0x20004e30                __malloc_sbrk_start
 .bss.__malloc_free_list
                0x20004e34        0x4 C:/ST/STM32CubeIDE_1.19.0/STM32CubeIDE/plugins/com.st.stm32cube.ide.mcu.externaltools.gnu-tools-for-stm32.13.3.rel1.win32_1.0.0.202411081344/tools/bin/../lib/gcc/arm-none-eabi/13.3.1/../../../../arm-none-eabi/lib/thumb/v7e-m+fp/hard\libc_nano.a(libc_a-mallocr.o)
                0x20004e34                __malloc_free_list
 *(COMMON)
                0x20004e38                        . = ALIGN (0x4)
                0x20004e38                        _ebss = .
                0x20004e38                        __bss_end__ = _ebss

._user_heap_stack
                0x20004e38      0x600
                0x20004e38                        . = ALIGN (0x8)
                [!provide]                        PROVIDE (end = .)
                0x20004e38                        PROVIDE (_end = .)
                0x20005038                        . = (. + _Min_Heap_Size)
 *fill*         0x20004e38      0x200 
                0x20005438                        . = (. + _Min_Stack_Size)
 *fill*         0x20005038      0x400 
                0x20005438                        . = ALIGN (0x8)

/DISCARD/
 libc.a(*)
 libm.a(*)
 libgcc.a(*)

.ARM.attributes
                0x00000000       0x30
 *(.ARM.attributes)
 .ARM.attributes
                0x00000000       0x22 C:/ST/STM32CubeIDE_1.19.0/STM32CubeIDE/plugins/com.st.stm32cube.ide.mcu.externaltools.gnu-tools-for-stm32.13.3.rel1.win32_1.0.0.202411081344/tools/bin/../lib/gcc/arm-none-eabi/13.3.1/thumb/v7e-m+fp/hard/crti.o
 .ARM.attributes
                0x00000022       0x34 C:/ST/STM32CubeIDE_1.19.0/STM32CubeIDE/plugins/com.st.stm32cube.ide.mcu.externaltools.gnu-tools-for-stm32.13.3.rel1.win32_1.0.0.202411081344/tools/bin/../lib/gcc/arm-none-eabi/13.3.1/thumb/v7e-m+fp/hard/crtbegin.o
 .ARM.attributes
                0x00000056       0x34 ./Core/Src/can.o
 .ARM.attributes
                0x0000008a       0x34 ./Core/Src/can2_demo.o
 .ARM.attributes
                0x000000be       0x34 ./Core/Src/can_dual_node.o
 .ARM.attributes
                0x000000f2       0x34 ./Core/Src/can_loop_test.o
 .ARM.attributes
                0x00000126       0x34 ./Core/Src/can_simple_demo.o
 .ARM.attributes
                0x0000015a       0x34 ./Core/Src/main.o
 .ARM.attributes
                0x0000018e       0x34 ./Core/Src/stm32f4xx_hal_msp.o
 .ARM.attributes
                0x000001c2       0x34 ./Core/Src/stm32f4xx_hal_timebase_tim.o
 .ARM.attributes
                0x000001f6       0x34 ./Core/Src/stm32f4xx_it.o
 .ARM.attributes
                0x0000022a       0x34 ./Core/Src/syscalls.o
 .ARM.attributes
                0x0000025e       0x34 ./Core/Src/sysmem.o
 .ARM.attributes
                0x00000292       0x34 ./Core/Src/system_stm32f4xx.o
 .ARM.attributes
                0x000002c6       0x34 ./Core/Src/usart.o
 .ARM.attributes
                0x000002fa       0x21 ./Core/Startup/startup_stm32f407zgtx.o
 .ARM.attributes
                0x0000031b       0x34 ./Drivers/STM32F4xx_HAL_Driver/Src/stm32f4xx_hal.o
 .ARM.attributes
                0x0000034f       0x34 ./Drivers/STM32F4xx_HAL_Driver/Src/stm32f4xx_hal_can.o
 .ARM.attributes
                0x00000383       0x34 ./Drivers/STM32F4xx_HAL_Driver/Src/stm32f4xx_hal_cortex.o
 .ARM.attributes
                0x000003b7       0x34 ./Drivers/STM32F4xx_HAL_Driver/Src/stm32f4xx_hal_dma.o
 .ARM.attributes
                0x000003eb       0x34 ./Drivers/STM32F4xx_HAL_Driver/Src/stm32f4xx_hal_gpio.o
 .ARM.attributes
                0x0000041f       0x34 ./Drivers/STM32F4xx_HAL_Driver/Src/stm32f4xx_hal_rcc.o
 .ARM.attributes
                0x00000453       0x34 ./Drivers/STM32F4xx_HAL_Driver/Src/stm32f4xx_hal_spi.o
 .ARM.attributes
                0x00000487       0x34 ./Drivers/STM32F4xx_HAL_Driver/Src/stm32f4xx_hal_tim.o
 .ARM.attributes
                0x000004bb       0x34 ./Drivers/STM32F4xx_HAL_Driver/Src/stm32f4xx_hal_tim_ex.o
 .ARM.attributes
                0x000004ef       0x34 ./Drivers/STM32F4xx_HAL_Driver/Src/stm32f4xx_hal_uart.o
 .ARM.attributes
                0x00000523       0x34 ./Middlewares/Third_Party/FreeRTOS/Source/CMSIS_RTOS_V2/cmsis_os2.o
 .ARM.attributes
                0x00000557       0x34 ./Middlewares/Third_Party/FreeRTOS/Source/list.o
 .ARM.attributes
                0x0000058b       0x34 ./Middlewares/Third_Party/FreeRTOS/Source/queue.o
 .ARM.attributes
                0x000005bf       0x34 ./Middlewares/Third_Party/FreeRTOS/Source/tasks.o
 .ARM.attributes
                0x000005f3       0x34 ./Middlewares/Third_Party/FreeRTOS/Source/timers.o
 .ARM.attributes
                0x00000627       0x34 ./Middlewares/Third_Party/FreeRTOS/Source/portable/GCC/ARM_CM4F/port.o
 .ARM.attributes
                0x0000065b       0x34 ./Middlewares/Third_Party/FreeRTOS/Source/portable/MemMang/heap_4.o
 .ARM.attributes
                0x0000068f       0x34 C:/ST/STM32CubeIDE_1.19.0/STM32CubeIDE/plugins/com.st.stm32cube.ide.mcu.externaltools.gnu-tools-for-stm32.13.3.rel1.win32_1.0.0.202411081344/tools/bin/../lib/gcc/arm-none-eabi/13.3.1/../../../../arm-none-eabi/lib/thumb/v7e-m+fp/hard\libc_nano.a(libc_a-findfp.o)
 .ARM.attributes
                0x000006c3       0x34 C:/ST/STM32CubeIDE_1.19.0/STM32CubeIDE/plugins/com.st.stm32cube.ide.mcu.externaltools.gnu-tools-for-stm32.13.3.rel1.win32_1.0.0.202411081344/tools/bin/../lib/gcc/arm-none-eabi/13.3.1/../../../../arm-none-eabi/lib/thumb/v7e-m+fp/hard\libc_nano.a(libc_a-fwalk.o)
 .ARM.attributes