../Core/Src/can_app.c:72:9:CAN_App_Init	8	static
../Core/Src/can_app.c:114:6:CAN_App_GetStats	16	static
../Core/Src/can_app.c:132:6:CAN_SendTask_Main	64	static
../Core/Src/can_app.c:207:13:CAN_SendHeartbeat_App	24	static
../Core/Src/can_app.c:242:13:CAN_SendTestData	24	static
../Core/Src/can_app.c:277:13:CAN_SendStatusMessage_App	24	static
../Core/Src/can_app.c:313:13:CAN_SendSensorData	24	static
../Core/Src/can_app.c:354:13:CAN_SendControlCommand_App	24	static
../Core/Src/can_app.c:391:6:CAN_ReceiveTask_Main	48	static
../Core/Src/can_app.c:457:13:CAN_ProcessReceivedMessage_App	80	static
../Core/Src/can_app.c:612:9:CAN_App_SendMessage	48	static
../Core/Src/can_app.c:644:9:CAN_App_SendRemoteFrame	32	static
../Core/Src/can_app.c:680:9:CAN_App_SetFilter	24	static
../Core/Src/can_app.c:708:9:CAN_App_SelfTest	48	static
../Core/Src/can_app.c:780:13:CAN_PrintMessage_App	16	static
../Core/Src/can_app.c:803:6:CAN_App_PrintStatus	32	static
../Core/Src/can_app.c:829:6:CAN_App_IRQ_Callback	4	static
