../Core/Src/can_dual_node.c:76:19:CAN_DualNode_Init	16	static
../Core/Src/can_dual_node.c:138:19:CAN_DualNode_DeInit	16	static
../Core/Src/can_dual_node.c:164:19:CAN_SendToWCMCU	32	static
../Core/Src/can_dual_node.c:214:19:CAN_SendHeartbeat	16	static
../Core/Src/can_dual_node.c:240:19:CAN_SendDataRequest	24	static
../Core/Src/can_dual_node.c:260:19:CAN_SendDataResponse	24	static
../Core/Src/can_dual_node.c:288:19:CAN_SendStatusMessage	24	static
../Core/Src/can_dual_node.c:312:19:CAN_SendControlCommand	24	static
../Core/Src/can_dual_node.c:331:19:CAN_SendErrorMessage	24	static
../Core/Src/can_dual_node.c:351:6:CAN_ProcessReceivedMessage	24	static
../Core/Src/can_dual_node.c:410:19:CAN_GetMessageType	16	static
../Core/Src/can_dual_node.c:439:6:CAN_ProcessHeartbeat	24	static
../Core/Src/can_dual_node.c:464:6:CAN_ProcessDataRequest	32	static
../Core/Src/can_dual_node.c:519:6:CAN_ProcessDataResponse	32	static
../Core/Src/can_dual_node.c:568:6:CAN_ProcessStatusMessage	24	static
../Core/Src/can_dual_node.c:591:6:CAN_ProcessControlCommand	24	static
../Core/Src/can_dual_node.c:632:6:CAN_ProcessErrorMessage	24	static
../Core/Src/can_dual_node.c:651:18:CAN_GetWCMCUStatus	4	static
../Core/Src/can_dual_node.c:660:6:CAN_UpdateNodeStatus	16	static
../Core/Src/can_dual_node.c:679:6:CAN_CheckTimeout	8	static
../Core/Src/can_dual_node.c:688:6:CAN_ResetStats	8	static
../Core/Src/can_dual_node.c:704:23:CAN_GetStats	4	static
../Core/Src/can_dual_node.c:713:6:CAN_PrintStats	16	static
../Core/Src/can_dual_node.c:735:6:CAN_PrintNodeStatus	24	static
../Core/Src/can_dual_node.c:751:7:CAN_GetSuccessRate	4	static
../Core/Src/can_dual_node.c:765:10:CAN_GetBusLoad	16	static
../Core/Src/can_dual_node.c:783:6:CAN_DualNodeTask	16	static
../Core/Src/can_dual_node.c:811:6:CAN_PeriodicSend	16	static
../Core/Src/can_dual_node.c:843:6:CAN_PeriodicCheck	16	static
../Core/Src/can_dual_node.c:868:6:CAN_PrintMessage	32	static
../Core/Src/can_dual_node.c:884:10:CAN_CalculateChecksum	24	static
../Core/Src/can_dual_node.c:901:6:CAN_VerifyChecksum	16	static
../Core/Src/can_dual_node.c:913:6:CAN_FormatTimestamp	56	static
../Core/Src/can_dual_node.c:931:13:CAN_ConfigFilter	48	static
../Core/Src/can_dual_node.c:957:13:CAN_UpdateTxStats	4	static
../Core/Src/can_dual_node.c:966:13:CAN_UpdateRxStats	4	static
../Core/Src/can_dual_node.c:975:13:CAN_UpdateErrorStats	4	static
../Core/Src/can_dual_node.c:987:6:HAL_CAN_RxFifo0MsgPendingCallback	24	static
../Core/Src/can_dual_node.c:1028:6:HAL_CAN_TxMailbox0CompleteCallback	16	static
../Core/Src/can_dual_node.c:1041:6:HAL_CAN_TxMailbox1CompleteCallback	16	static
../Core/Src/can_dual_node.c:1054:6:HAL_CAN_TxMailbox2CompleteCallback	16	static
../Core/Src/can_dual_node.c:1067:6:HAL_CAN_ErrorCallback	24	static
