../Core/Src/can_app.c:72:9:CAN_App_Init	8	static
../Core/Src/can_app.c:114:6:CAN_App_GetStats	16	static
../Core/Src/can_app.c:132:6:CAN_SendTask_Main	72	static
../Core/Src/can_app.c:212:13:CAN_SendHeartbeat_App	32	static
../Core/Src/can_app.c:252:13:CAN_SendTestData	24	static
../Core/Src/can_app.c:287:13:CAN_SendStatusMessage_App	32	static
../Core/Src/can_app.c:328:13:CAN_SendSensorData	32	static
../Core/Src/can_app.c:374:13:CAN_SendControlCommand_App	32	static
../Core/Src/can_app.c:416:6:CAN_ReceiveTask_Main	48	static
../Core/Src/can_app.c:482:13:CAN_ProcessReceivedMessage_App	80	static
../Core/Src/can_app.c:637:9:CAN_App_SendMessage	48	static
../Core/Src/can_app.c:669:9:CAN_App_SendRemoteFrame	32	static
../Core/Src/can_app.c:705:9:CAN_App_SetFilter	24	static
../Core/Src/can_app.c:733:9:CAN_App_SelfTest	48	static
../Core/Src/can_app.c:805:13:CAN_PrintMessage_App	16	static
../Core/Src/can_app.c:828:6:CAN_App_PrintStatus	32	static
../Core/Src/can_app.c:854:6:CAN_App_IRQ_Callback	4	static
