../Core/Src/main.c:113:5:main	8	static
../Core/Src/main.c:259:6:SystemClock_Config	88	static
../Core/Src/main.c:307:13:MX_SPI1_Init	8	static
../Core/Src/main.c:347:13:MX_GPIO_Init	24	static
../Core/Src/main.c:375:5:_write	24	static
../Core/Src/main.c:391:6:StartDefaultTask	16	static
../Core/Src/main.c:425:6:StartCANSendTask	16	static
../Core/Src/main.c:445:6:StartCANReceiveTask	16	static
../Core/Src/main.c:474:6:HAL_TIM_PeriodElapsedCallback	16	static
../Core/Src/main.c:492:6:Error_Handler	4	static,ignoring_inline_asm
