../Core/Src/main.c:101:5:main	8	static
../Core/Src/main.c:221:6:SystemClock_Config	88	static
../Core/Src/main.c:267:13:MX_SPI1_Init	8	static
../Core/Src/main.c:305:13:MX_USART2_UART_Init	8	static
../Core/Src/main.c:338:13:MX_GPIO_Init	40	static
../Core/Src/main.c:383:5:_write	24	static
../Core/Src/main.c:397:6:StartDefaultTask	32	static
../Core/Src/main.c:443:6:StartCANSendTask	16	static
../Core/Src/main.c:458:6:StartCANReceiveTask	16	static
../Core/Src/main.c:474:6:HAL_TIM_PeriodElapsedCallback	16	static
../Core/Src/main.c:492:6:Error_Handler	4	static,ignoring_inline_asm
