../Core/Src/mcp2515.c:71:6:MCP2515_SetFilterForAll	8	static
../Core/Src/mcp2515.c:102:6:MCP2515_ModeNormal	16	static
../Core/Src/mcp2515.c:121:6:MCP2515_Test500KConfigs	40	static
../Core/Src/mcp2515.c:194:9:MCP2515_SPI_ReadWrite	48	static
../Core/Src/mcp2515.c:274:9:MCP2515_ReadRegister	24	static
../Core/Src/mcp2515.c:293:6:MCP2515_WriteRegister	16	static
../Core/Src/mcp2515.c:309:6:MCP2515_ModifyRegister	16	static
../Core/Src/mcp2515.c:326:6:MCP2515_BitModify	16	static
../Core/Src/mcp2515.c:339:6:MCP2515_ReadMultipleRegisters	32	static
../Core/Src/mcp2515.c:361:6:MCP2515_WriteMultipleRegisters	24	static
../Core/Src/mcp2515.c:383:6:MCP2515_Reset	16	static
../Core/Src/mcp2515.c:435:9:MCP2515_SetMode	24	static
../Core/Src/mcp2515.c:460:9:MCP2515_GetMode	16	static
../Core/Src/mcp2515.c:471:9:MCP2515_SetBaudRate	16	static
../Core/Src/mcp2515.c:497:9:MCP2515_Init	32	static
../Core/Src/mcp2515.c:632:9:MCP2515_ConfigureInterrupts	16	static
../Core/Src/mcp2515.c:645:9:MCP2515_SetFilter	56	static
../Core/Src/mcp2515.c:704:9:MCP2515_SetMask	32	static
../Core/Src/mcp2515.c:759:9:MCP2515_SendMessage	72	static
../Core/Src/mcp2515.c:1013:9:MCP2515_ReceiveMessage	24	static
../Core/Src/mcp2515.c:1043:9:MCP2515_CheckReceive	16	static
../Core/Src/mcp2515.c:1054:9:MCP2515_CheckTransmit	16	static
../Core/Src/mcp2515.c:1073:9:MCP2515_GetInterruptFlags	8	static
../Core/Src/mcp2515.c:1083:9:MCP2515_GetInterruptFlags_Debug	16	static
../Core/Src/mcp2515.c:1119:6:MCP2515_ClearInterruptFlags	16	static
../Core/Src/mcp2515.c:1133:6:MCP2515_IRQHandler	8	static
../Core/Src/mcp2515.c:1144:9:MCP2515_ProcessPendingInterrupt	40	static
../Core/Src/mcp2515.c:1252:9:MCP2515_GetStatus	16	static
../Core/Src/mcp2515.c:1269:9:MCP2515_GetErrorFlags	8	static
../Core/Src/mcp2515.c:1279:6:MCP2515_ClearErrorFlags	8	static
../Core/Src/mcp2515.c:1291:9:MCP2515_SelfTest	16	static
../Core/Src/mcp2515.c:1321:9:MCP2515_HardwareTest	24	static
../Core/Src/mcp2515.c:1399:6:MCP2515_PrintStatus	16	static
../Core/Src/mcp2515.c:1443:9:MCP2515_WaitForMode	32	static
../Core/Src/mcp2515.c:1475:16:MCP2515_GetTxBuffer	16	static
../Core/Src/mcp2515.c:1492:13:MCP2515_LoadTxBuffer	24	static
../Core/Src/mcp2515.c:1538:13:MCP2515_ReadRxBuffer	32	static
../Core/Src/mcp2515.c:1612:6:MCP2515_GetErrorCounters	16	static
../Core/Src/mcp2515.c:1623:6:MCP2515_DiagnoseErrors	16	static
../Core/Src/mcp2515.c:1686:6:MCP2515_ClearAllErrors	8	static
../Core/Src/mcp2515.c:1701:9:MCP2515_RecoverFromBusOff	16	static
../Core/Src/mcp2515.c:1759:9:MCP2515_LoopbackTest	64	static
../Core/Src/mcp2515.c:1922:6:MCP2515_CANOETest	32	static
../Core/Src/mcp2515.c:2054:6:MCP2515_InitFailureDiagnosis	16	static
../Core/Src/mcp2515.c:2140:6:CAN_DiagnoseAndFix	8	static
