../Core/Src/mcp2515.c:59:9:MCP2515_SPI_ReadWrite	32	static
../Core/Src/mcp2515.c:77:6:MCP2515_CS_Low	8	static
../Core/Src/mcp2515.c:87:6:MCP2515_CS_High	8	static
../Core/Src/mcp2515.c:99:9:MCP2515_ReadRegister	24	static
../Core/Src/mcp2515.c:118:6:MCP2515_WriteRegister	16	static
../Core/Src/mcp2515.c:134:6:MCP2515_ModifyRegister	16	static
../Core/Src/mcp2515.c:151:6:MCP2515_ReadMultipleRegisters	32	static
../Core/Src/mcp2515.c:173:6:MCP2515_WriteMultipleRegisters	24	static
../Core/Src/mcp2515.c:195:6:MCP2515_Reset	8	static
../Core/Src/mcp2515.c:209:9:MCP2515_SetMode	16	static
../Core/Src/mcp2515.c:223:9:MCP2515_GetMode	16	static
../Core/Src/mcp2515.c:234:9:MCP2515_SetBaudRate	16	static
../Core/Src/mcp2515.c:260:9:MCP2515_Init	16	static
../Core/Src/mcp2515.c:305:9:MCP2515_ConfigureInterrupts	16	static
../Core/Src/mcp2515.c:318:9:MCP2515_SetFilter	56	static
../Core/Src/mcp2515.c:377:9:MCP2515_SetMask	32	static
../Core/Src/mcp2515.c:432:9:MCP2515_SendMessage	24	static
../Core/Src/mcp2515.c:475:9:MCP2515_ReceiveMessage	24	static
../Core/Src/mcp2515.c:505:9:MCP2515_CheckReceive	16	static
../Core/Src/mcp2515.c:516:9:MCP2515_CheckTransmit	16	static
../Core/Src/mcp2515.c:535:9:MCP2515_GetInterruptFlags	8	static
../Core/Src/mcp2515.c:545:6:MCP2515_ClearInterruptFlags	16	static
../Core/Src/mcp2515.c:556:6:MCP2515_IRQHandler	16	static
../Core/Src/mcp2515.c:592:9:MCP2515_GetStatus	16	static
../Core/Src/mcp2515.c:609:9:MCP2515_GetErrorFlags	8	static
../Core/Src/mcp2515.c:619:6:MCP2515_ClearErrorFlags	8	static
../Core/Src/mcp2515.c:631:9:MCP2515_SelfTest	16	static
../Core/Src/mcp2515.c:661:6:MCP2515_PrintStatus	16	static
../Core/Src/mcp2515.c:705:16:MCP2515_WaitForMode	24	static
../Core/Src/mcp2515.c:724:16:MCP2515_GetTxBuffer	16	static
../Core/Src/mcp2515.c:741:13:MCP2515_LoadTxBuffer	24	static
../Core/Src/mcp2515.c:787:13:MCP2515_ReadRxBuffer	32	static
