../Core/Src/mcp2515.c:59:9:MCP2515_SPI_ReadWrite	40	static
../Core/Src/mcp2515.c:92:6:MCP2515_CS_Low	8	static
../Core/Src/mcp2515.c:102:6:MCP2515_CS_High	8	static
../Core/Src/mcp2515.c:114:9:MCP2515_ReadRegister	24	static
../Core/Src/mcp2515.c:133:6:MCP2515_WriteRegister	16	static
../Core/Src/mcp2515.c:149:6:MCP2515_ModifyRegister	16	static
../Core/Src/mcp2515.c:166:6:MCP2515_ReadMultipleRegisters	32	static
../Core/Src/mcp2515.c:188:6:MCP2515_WriteMultipleRegisters	24	static
../Core/Src/mcp2515.c:210:6:MCP2515_Reset	16	static
../Core/Src/mcp2515.c:244:9:MCP2515_SetMode	16	static
../Core/Src/mcp2515.c:258:9:MCP2515_GetMode	16	static
../Core/Src/mcp2515.c:269:9:MCP2515_SetBaudRate	16	static
../Core/Src/mcp2515.c:295:9:MCP2515_Init	16	static
../Core/Src/mcp2515.c:340:9:MCP2515_ConfigureInterrupts	16	static
../Core/Src/mcp2515.c:353:9:MCP2515_SetFilter	56	static
../Core/Src/mcp2515.c:412:9:MCP2515_SetMask	32	static
../Core/Src/mcp2515.c:467:9:MCP2515_SendMessage	24	static
../Core/Src/mcp2515.c:510:9:MCP2515_ReceiveMessage	24	static
../Core/Src/mcp2515.c:540:9:MCP2515_CheckReceive	16	static
../Core/Src/mcp2515.c:551:9:MCP2515_CheckTransmit	16	static
../Core/Src/mcp2515.c:570:9:MCP2515_GetInterruptFlags	8	static
../Core/Src/mcp2515.c:580:6:MCP2515_ClearInterruptFlags	16	static
../Core/Src/mcp2515.c:591:6:MCP2515_IRQHandler	16	static
../Core/Src/mcp2515.c:627:9:MCP2515_GetStatus	16	static
../Core/Src/mcp2515.c:644:9:MCP2515_GetErrorFlags	8	static
../Core/Src/mcp2515.c:654:6:MCP2515_ClearErrorFlags	8	static
../Core/Src/mcp2515.c:666:9:MCP2515_SelfTest	16	static
../Core/Src/mcp2515.c:696:9:MCP2515_HardwareTest	24	static
../Core/Src/mcp2515.c:774:6:MCP2515_PrintStatus	16	static
../Core/Src/mcp2515.c:818:16:MCP2515_WaitForMode	24	static
../Core/Src/mcp2515.c:837:16:MCP2515_GetTxBuffer	16	static
../Core/Src/mcp2515.c:854:13:MCP2515_LoadTxBuffer	24	static
../Core/Src/mcp2515.c:900:13:MCP2515_ReadRxBuffer	32	static
../Core/Src/mcp2515.c:943:6:Simple_CS_Test	16	static
../Core/Src/mcp2515.c:971:6:MCP2515_GetErrorCounters	16	static
../Core/Src/mcp2515.c:982:6:MCP2515_DiagnoseErrors	16	static
../Core/Src/mcp2515.c:1039:6:MCP2515_ClearAllErrors	8	static
../Core/Src/mcp2515.c:1054:9:MCP2515_LoopbackTest	56	static
../Core/Src/mcp2515.c:1139:6:MCP2515_CANOETest	40	static
../Core/Src/mcp2515.c:1271:6:CAN_DiagnoseAndFix	8	static
