../Core/Src/mcp2515.c:60:9:MCP2515_SPI_ReadWrite	40	static
../Core/Src/mcp2515.c:93:6:MCP2515_CS_Low	8	static
../Core/Src/mcp2515.c:103:6:MCP2515_CS_High	8	static
../Core/Src/mcp2515.c:115:9:MCP2515_ReadRegister	24	static
../Core/Src/mcp2515.c:134:6:MCP2515_WriteRegister	16	static
../Core/Src/mcp2515.c:150:6:MCP2515_ModifyRegister	16	static
../Core/Src/mcp2515.c:167:6:MCP2515_ReadMultipleRegisters	32	static
../Core/Src/mcp2515.c:189:6:MCP2515_WriteMultipleRegisters	24	static
../Core/Src/mcp2515.c:211:6:MCP2515_Reset	16	static
../Core/Src/mcp2515.c:253:9:MCP2515_SetMode	24	static
../Core/Src/mcp2515.c:278:9:MCP2515_GetMode	16	static
../Core/Src/mcp2515.c:289:9:MCP2515_SetBaudRate	16	static
../Core/Src/mcp2515.c:315:9:MCP2515_Init	16	static
../Core/Src/mcp2515.c:375:9:MCP2515_ConfigureInterrupts	16	static
../Core/Src/mcp2515.c:388:9:MCP2515_SetFilter	56	static
../Core/Src/mcp2515.c:447:9:MCP2515_SetMask	32	static
../Core/Src/mcp2515.c:502:9:MCP2515_SendMessage	24	static
../Core/Src/mcp2515.c:545:9:MCP2515_ReceiveMessage	24	static
../Core/Src/mcp2515.c:575:9:MCP2515_CheckReceive	16	static
../Core/Src/mcp2515.c:586:9:MCP2515_CheckTransmit	16	static
../Core/Src/mcp2515.c:605:9:MCP2515_GetInterruptFlags	8	static
../Core/Src/mcp2515.c:615:6:MCP2515_ClearInterruptFlags	16	static
../Core/Src/mcp2515.c:626:6:MCP2515_IRQHandler	16	static
../Core/Src/mcp2515.c:662:9:MCP2515_GetStatus	16	static
../Core/Src/mcp2515.c:679:9:MCP2515_GetErrorFlags	8	static
../Core/Src/mcp2515.c:689:6:MCP2515_ClearErrorFlags	8	static
../Core/Src/mcp2515.c:701:9:MCP2515_SelfTest	16	static
../Core/Src/mcp2515.c:731:9:MCP2515_HardwareTest	24	static
../Core/Src/mcp2515.c:809:6:MCP2515_PrintStatus	16	static
../Core/Src/mcp2515.c:853:16:MCP2515_WaitForMode	32	static
../Core/Src/mcp2515.c:885:16:MCP2515_GetTxBuffer	16	static
../Core/Src/mcp2515.c:902:13:MCP2515_LoadTxBuffer	24	static
../Core/Src/mcp2515.c:948:13:MCP2515_ReadRxBuffer	32	static
../Core/Src/mcp2515.c:991:6:Simple_CS_Test	16	static
../Core/Src/mcp2515.c:1019:6:MCP2515_GetErrorCounters	16	static
../Core/Src/mcp2515.c:1030:6:MCP2515_DiagnoseErrors	16	static
../Core/Src/mcp2515.c:1087:6:MCP2515_ClearAllErrors	8	static
../Core/Src/mcp2515.c:1102:9:MCP2515_LoopbackTest	72	static
../Core/Src/mcp2515.c:1252:6:MCP2515_CANOETest	40	static
../Core/Src/mcp2515.c:1384:6:MCP2515_InitFailureDiagnosis	16	static
../Core/Src/mcp2515.c:1470:6:CAN_DiagnoseAndFix	8	static
