../Core/Src/mcp2515.c:59:9:MCP2515_SPI_ReadWrite	40	static
../Core/Src/mcp2515.c:92:6:MCP2515_CS_Low	8	static
../Core/Src/mcp2515.c:102:6:MCP2515_CS_High	8	static
../Core/Src/mcp2515.c:114:9:MCP2515_ReadRegister	24	static
../Core/Src/mcp2515.c:133:6:MCP2515_WriteRegister	16	static
../Core/Src/mcp2515.c:149:6:MCP2515_ModifyRegister	16	static
../Core/Src/mcp2515.c:166:6:MCP2515_ReadMultipleRegisters	32	static
../Core/Src/mcp2515.c:188:6:MCP2515_WriteMultipleRegisters	24	static
../Core/Src/mcp2515.c:210:6:MCP2515_Reset	16	static
../Core/Src/mcp2515.c:252:9:MCP2515_SetMode	16	static
../Core/Src/mcp2515.c:266:9:MCP2515_GetMode	16	static
../Core/Src/mcp2515.c:277:9:MCP2515_SetBaudRate	16	static
../Core/Src/mcp2515.c:303:9:MCP2515_Init	16	static
../Core/Src/mcp2515.c:362:9:MCP2515_ConfigureInterrupts	16	static
../Core/Src/mcp2515.c:375:9:MCP2515_SetFilter	56	static
../Core/Src/mcp2515.c:434:9:MCP2515_SetMask	32	static
../Core/Src/mcp2515.c:489:9:MCP2515_SendMessage	24	static
../Core/Src/mcp2515.c:532:9:MCP2515_ReceiveMessage	24	static
../Core/Src/mcp2515.c:562:9:MCP2515_CheckReceive	16	static
../Core/Src/mcp2515.c:573:9:MCP2515_CheckTransmit	16	static
../Core/Src/mcp2515.c:592:9:MCP2515_GetInterruptFlags	8	static
../Core/Src/mcp2515.c:602:6:MCP2515_ClearInterruptFlags	16	static
../Core/Src/mcp2515.c:613:6:MCP2515_IRQHandler	16	static
../Core/Src/mcp2515.c:649:9:MCP2515_GetStatus	16	static
../Core/Src/mcp2515.c:666:9:MCP2515_GetErrorFlags	8	static
../Core/Src/mcp2515.c:676:6:MCP2515_ClearErrorFlags	8	static
../Core/Src/mcp2515.c:688:9:MCP2515_SelfTest	16	static
../Core/Src/mcp2515.c:718:9:MCP2515_HardwareTest	24	static
../Core/Src/mcp2515.c:796:6:MCP2515_PrintStatus	16	static
../Core/Src/mcp2515.c:840:16:MCP2515_WaitForMode	24	static
../Core/Src/mcp2515.c:859:16:MCP2515_GetTxBuffer	16	static
../Core/Src/mcp2515.c:876:13:MCP2515_LoadTxBuffer	24	static
../Core/Src/mcp2515.c:922:13:MCP2515_ReadRxBuffer	32	static
../Core/Src/mcp2515.c:965:6:Simple_CS_Test	16	static
../Core/Src/mcp2515.c:993:6:MCP2515_GetErrorCounters	16	static
../Core/Src/mcp2515.c:1004:6:MCP2515_DiagnoseErrors	16	static
../Core/Src/mcp2515.c:1061:6:MCP2515_ClearAllErrors	8	static
../Core/Src/mcp2515.c:1076:9:MCP2515_LoopbackTest	56	static
../Core/Src/mcp2515.c:1161:6:MCP2515_CANOETest	40	static
../Core/Src/mcp2515.c:1293:6:MCP2515_InitFailureDiagnosis	16	static
../Core/Src/mcp2515.c:1379:6:CAN_DiagnoseAndFix	8	static
